Component: ARM Compiler 5.06 update 6 (build 750) Tool: armlink [4d35ed]

==============================================================================

Section Cross References

    startup_stm32f10x_hd.o(STACK) refers (Special) to heapauxi.o(.text) for __use_two_region_memory
    startup_stm32f10x_hd.o(HEAP) refers (Special) to heapauxi.o(.text) for __use_two_region_memory
    startup_stm32f10x_hd.o(RESET) refers (Special) to heapauxi.o(.text) for __use_two_region_memory
    startup_stm32f10x_hd.o(RESET) refers to startup_stm32f10x_hd.o(STACK) for __initial_sp
    startup_stm32f10x_hd.o(RESET) refers to startup_stm32f10x_hd.o(.text) for Reset_Handler
    startup_stm32f10x_hd.o(RESET) refers to stm32f10x_it.o(i.NMI_Handler) for NMI_Handler
    startup_stm32f10x_hd.o(RESET) refers to stm32f10x_it.o(i.HardFault_Handler) for HardFault_Handler
    startup_stm32f10x_hd.o(RESET) refers to stm32f10x_it.o(i.MemManage_Handler) for MemManage_Handler
    startup_stm32f10x_hd.o(RESET) refers to stm32f10x_it.o(i.BusFault_Handler) for BusFault_Handler
    startup_stm32f10x_hd.o(RESET) refers to stm32f10x_it.o(i.UsageFault_Handler) for UsageFault_Handler
    startup_stm32f10x_hd.o(RESET) refers to port.o(.emb_text) for SVC_Handler
    startup_stm32f10x_hd.o(RESET) refers to stm32f10x_it.o(i.DebugMon_Handler) for DebugMon_Handler
    startup_stm32f10x_hd.o(RESET) refers to delay.o(i.SysTick_Handler) for SysTick_Handler
    startup_stm32f10x_hd.o(RESET) refers to usart.o(i.USART1_IRQHandler) for USART1_IRQHandler
    startup_stm32f10x_hd.o(.text) refers (Special) to heapauxi.o(.text) for __use_two_region_memory
    startup_stm32f10x_hd.o(.text) refers to system_stm32f10x.o(i.SystemInit) for SystemInit
    startup_stm32f10x_hd.o(.text) refers to __main.o(!!!main) for __main
    startup_stm32f10x_hd.o(.text) refers to startup_stm32f10x_hd.o(HEAP) for Heap_Mem
    startup_stm32f10x_hd.o(.text) refers to startup_stm32f10x_hd.o(STACK) for Stack_Mem
    stm32f10x_adc.o(i.ADC_DeInit) refers to stm32f10x_rcc.o(i.RCC_APB2PeriphResetCmd) for RCC_APB2PeriphResetCmd
    stm32f10x_bkp.o(i.BKP_DeInit) refers to stm32f10x_rcc.o(i.RCC_BackupResetCmd) for RCC_BackupResetCmd
    stm32f10x_can.o(i.CAN_DeInit) refers to stm32f10x_rcc.o(i.RCC_APB1PeriphResetCmd) for RCC_APB1PeriphResetCmd
    stm32f10x_can.o(i.CAN_GetITStatus) refers to stm32f10x_can.o(i.CheckITStatus) for CheckITStatus
    stm32f10x_cec.o(i.CEC_DeInit) refers to stm32f10x_rcc.o(i.RCC_APB1PeriphResetCmd) for RCC_APB1PeriphResetCmd
    stm32f10x_dac.o(i.DAC_DeInit) refers to stm32f10x_rcc.o(i.RCC_APB1PeriphResetCmd) for RCC_APB1PeriphResetCmd
    stm32f10x_flash.o(i.FLASH_EnableWriteProtection) refers to stm32f10x_flash.o(i.FLASH_WaitForLastOperation) for FLASH_WaitForLastOperation
    stm32f10x_flash.o(i.FLASH_EraseAllBank1Pages) refers to stm32f10x_flash.o(i.FLASH_WaitForLastBank1Operation) for FLASH_WaitForLastBank1Operation
    stm32f10x_flash.o(i.FLASH_EraseAllPages) refers to stm32f10x_flash.o(i.FLASH_WaitForLastOperation) for FLASH_WaitForLastOperation
    stm32f10x_flash.o(i.FLASH_EraseOptionBytes) refers to stm32f10x_flash.o(i.FLASH_GetReadOutProtectionStatus) for FLASH_GetReadOutProtectionStatus
    stm32f10x_flash.o(i.FLASH_EraseOptionBytes) refers to stm32f10x_flash.o(i.FLASH_WaitForLastOperation) for FLASH_WaitForLastOperation
    stm32f10x_flash.o(i.FLASH_ErasePage) refers to stm32f10x_flash.o(i.FLASH_WaitForLastOperation) for FLASH_WaitForLastOperation
    stm32f10x_flash.o(i.FLASH_ProgramHalfWord) refers to stm32f10x_flash.o(i.FLASH_WaitForLastOperation) for FLASH_WaitForLastOperation
    stm32f10x_flash.o(i.FLASH_ProgramOptionByteData) refers to stm32f10x_flash.o(i.FLASH_WaitForLastOperation) for FLASH_WaitForLastOperation
    stm32f10x_flash.o(i.FLASH_ProgramWord) refers to stm32f10x_flash.o(i.FLASH_WaitForLastOperation) for FLASH_WaitForLastOperation
    stm32f10x_flash.o(i.FLASH_ReadOutProtection) refers to stm32f10x_flash.o(i.FLASH_WaitForLastOperation) for FLASH_WaitForLastOperation
    stm32f10x_flash.o(i.FLASH_UserOptionByteConfig) refers to stm32f10x_flash.o(i.FLASH_WaitForLastOperation) for FLASH_WaitForLastOperation
    stm32f10x_flash.o(i.FLASH_WaitForLastBank1Operation) refers to stm32f10x_flash.o(i.FLASH_GetBank1Status) for FLASH_GetBank1Status
    stm32f10x_flash.o(i.FLASH_WaitForLastOperation) refers to stm32f10x_flash.o(i.FLASH_GetBank1Status) for FLASH_GetBank1Status
    stm32f10x_gpio.o(i.GPIO_AFIODeInit) refers to stm32f10x_rcc.o(i.RCC_APB2PeriphResetCmd) for RCC_APB2PeriphResetCmd
    stm32f10x_gpio.o(i.GPIO_DeInit) refers to stm32f10x_rcc.o(i.RCC_APB2PeriphResetCmd) for RCC_APB2PeriphResetCmd
    stm32f10x_i2c.o(i.I2C_DeInit) refers to stm32f10x_rcc.o(i.RCC_APB1PeriphResetCmd) for RCC_APB1PeriphResetCmd
    stm32f10x_i2c.o(i.I2C_Init) refers to stm32f10x_rcc.o(i.RCC_GetClocksFreq) for RCC_GetClocksFreq
    stm32f10x_pwr.o(i.PWR_DeInit) refers to stm32f10x_rcc.o(i.RCC_APB1PeriphResetCmd) for RCC_APB1PeriphResetCmd
[...]
    .ARM.Collect$$libinit$$0000001D          0x080001cc   Section        0  libinit2.o(.ARM.Collect$$libinit$$0000001D)
    .ARM.Collect$$libinit$$0000001F          0x080001cc   Section        0  libinit2.o(.ARM.Collect$$libinit$$0000001F)
    .ARM.Collect$$libinit$$00000021          0x080001cc   Section        0  libinit2.o(.ARM.Collect$$libinit$$00000021)
    .ARM.Collect$$libinit$$00000023          0x080001cc   Section        0  libinit2.o(.ARM.Collect$$libinit$$00000023)
    .ARM.Collect$$libinit$$00000025          0x080001cc   Section        0  libinit2.o(.ARM.Collect$$libinit$$00000025)
    .ARM.Collect$$libinit$$0000002C          0x080001cc   Section        0  libinit2.o(.ARM.Collect$$libinit$$0000002C)
    .ARM.Collect$$libinit$$0000002E          0x080001cc   Section        0  libinit2.o(.ARM.Collect$$libinit$$0000002E)
    .ARM.Collect$$libinit$$00000030          0x080001cc   Section        0  libinit2.o(.ARM.Collect$$libinit$$00000030)
    .ARM.Collect$$libinit$$00000032          0x080001cc   Section        0  libinit2.o(.ARM.Collect$$libinit$$00000032)
    .ARM.Collect$$libinit$$00000033          0x080001cc   Section        2  libinit2.o(.ARM.Collect$$libinit$$00000033)
    .ARM.Collect$$libshutdown$$00000000      0x080001ce   Section        2  libshutdown.o(.ARM.Collect$$libshutdown$$00000000)
    .ARM.Collect$$libshutdown$$00000002      0x080001d0   Section        0  libshutdown2.o(.ARM.Collect$$libshutdown$$00000002)
    .ARM.Collect$$libshutdown$$00000004      0x080001d0   Section        0  libshutdown2.o(.ARM.Collect$$libshutdown$$00000004)
    .ARM.Collect$$libshutdown$$00000007      0x080001d0   Section        0  libshutdown2.o(.ARM.Collect$$libshutdown$$00000007)
    .ARM.Collect$$libshutdown$$0000000A      0x080001d0   Section        0  libshutdown2.o(.ARM.Collect$$libshutdown$$0000000A)
    .ARM.Collect$$libshutdown$$0000000C      0x080001d0   Section        0  libshutdown2.o(.ARM.Collect$$libshutdown$$0000000C)
    .ARM.Collect$$libshutdown$$0000000F      0x080001d0   Section        0  libshutdown2.o(.ARM.Collect$$libshutdown$$0000000F)
    .ARM.Collect$$libshutdown$$00000010      0x080001d0   Section        2  libshutdown2.o(.ARM.Collect$$libshutdown$$00000010)
    .ARM.Collect$$rtentry$$00000000          0x080001d2   Section        0  __rtentry.o(.ARM.Collect$$rtentry$$00000000)
    .ARM.Collect$$rtentry$$00000002          0x080001d2   Section        0  __rtentry2.o(.ARM.Collect$$rtentry$$00000002)
    .ARM.Collect$$rtentry$$00000004          0x080001d2   Section        6  __rtentry4.o(.ARM.Collect$$rtentry$$00000004)
    .ARM.Collect$$rtentry$$00000009          0x080001d8   Section        0  __rtentry2.o(.ARM.Collect$$rtentry$$00000009)
    .ARM.Collect$$rtentry$$0000000A          0x080001d8   Section        4  __rtentry2.o(.ARM.Collect$$rtentry$$0000000A)
    .ARM.Collect$$rtentry$$0000000C          0x080001dc   Section        0  __rtentry2.o(.ARM.Collect$$rtentry$$0000000C)
    .ARM.Collect$$rtentry$$0000000D          0x080001dc   Section        8  __rtentry2.o(.ARM.Collect$$rtentry$$0000000D)
    .ARM.Collect$$rtexit$$00000000           0x080001e4   Section        2  rtexit.o(.ARM.Collect$$rtexit$$00000000)
    .ARM.Collect$$rtexit$$00000002           0x080001e6   Section        0  rtexit2.o(.ARM.Collect$$rtexit$$00000002)
    .ARM.Collect$$rtexit$$00000003           0x080001e6   Section        4  rtexit2.o(.ARM.Collect$$rtexit$$00000003)
    .ARM.Collect$$rtexit$$00000004           0x080001ea   Section        6  rtexit2.o(.ARM.Collect$$rtexit$$00000004)
    .emb_text                                0x080001f0   Section      150  port.o(.emb_text)
    .text                                    0x08000288   Section       64  startup_stm32f10x_hd.o(.text)
    .text                                    0x080002c8   Section        2  use_no_semi_2.o(.text)
    .text                                    0x080002cc   Section        0  noretval__2printf.o(.text)
    .text                                    0x080002e4   Section        0  _printf_str.o(.text)
    .text                                    0x08000338   Section        0  _printf_dec.o(.text)
    .text                                    0x080003b0   Section        0  __printf_wp.o(.text)
    .text                                    0x080004be   Section      138  rt_memcpy_v6.o(.text)
    .text                                    0x08000548   Section       16  aeabi_memset.o(.text)
    .text                                    0x08000558   Section        0  heapauxi.o(.text)
    .text                                    0x0800055e   Section        2  use_no_semi.o(.text)
    .text                                    0x08000560   Section        0  _printf_intcommon.o(.text)
    .text                                    0x08000612   Section        0  _printf_fp_dec.o(.text)
    _fp_digits                               0x08000615   Thumb Code   432  _printf_fp_dec.o(.text)
    .text                                    0x08000a30   Section        0  _printf_char_common.o(.text)
    _printf_input_char                       0x08000a31   Thumb Code    10  _printf_char_common.o(.text)
    .text                                    0x08000a60   Section        0  _printf_char.o(.text)
    .text                                    0x08000a8c   Section        0  _printf_char_file.o(.text)
    .text                                    0x08000ab0   Section      100  rt_memcpy_w.o(.text)
    .text                                    0x08000b14   Section       68  rt_memclr.o(.text)
    .text                                    0x08000b58   Section        8  rt_locale_intlibspace.o(.text)
    .text                                    0x08000b60   Section      138  lludiv10.o(.text)
    .text                                    0x08000bec   Section        0  _printf_fp_infnan.o(.text)
    .text                                    0x08000c6c   Section        0  bigflt0.o(.text)
    .text                                    0x08000d50   Section        0  ferror.o(.text)
    .text                                    0x08000d58   Section       78  rt_memclr_w.o(.text)
    .text                                    0x08000da8   Section        8  libspace.o(.text)
    .text                                    0x08000db0   Section       74  sys_stackheap_outer.o(.text)
    .text                                    0x08000dfa   Section        0  exit.o(.text)
    .text                                    0x08000e0c   Section      128  strcmpv7m.o(.text)
    CL$$btod_d2e                             0x08000e8c   Section       62  btod.o(CL$$btod_d2e)
    CL$$btod_d2e_denorm_low                  0x08000eca   Section       70  btod.o(CL$$btod_d2e_denorm_low)
    CL$$btod_d2e_norm_op1                    0x08000f10   Section       96  btod.o(CL$$btod_d2e_norm_op1)
    CL$$btod_div_common                      0x08000f70   Section      824  btod.o(CL$$btod_div_common)
    CL$$btod_e2e                             0x080012a8   Section      220  btod.o(CL$$btod_e2e)
    CL$$btod_ediv                            0x08001384   Section       42  btod.o(CL$$btod_ediv)
    CL$$btod_emul                            0x080013ae   Section       42  btod.o(CL$$btod_emul)
    CL$$btod_mult_common                     0x080013d8   Section      580  btod.o(CL$$btod_mult_common)
    i.BusFault_Handler                       0x0800161c   Section        0  stm32f10x_it.o(i.BusFault_Handler)
    i.DebugMon_Handler                       0x0800161e   Section        0  stm32f10x_it.o(i.DebugMon_Handler)
    i.GPIO_Init                              0x08001620   Section        0  stm32f10x_gpio.o(i.GPIO_Init)
    i.GPIO_ResetBits                         0x080016bc   Section        0  stm32f10x_gpio.o(i.GPIO_ResetBits)
    i.GPIO_SetBits                           0x080016c0   Section        0  stm32f10x_gpio.o(i.GPIO_SetBits)
    i.HardFault_Handler                      0x080016c4   Section        0  stm32f10x_it.o(i.HardFault_Handler)
    i.LED_Init                               0x080016c8   Section        0  user_led.o(i.LED_Init)
    i.MemManage_Handler                      0x08001718   Section        0  stm32f10x_it.o(i.MemManage_Handler)
    i.NMI_Handler                            0x0800171a   Section        0  stm32f10x_it.o(i.NMI_Handler)
    i.NVIC_Init                              0x0800171c   Section        0  misc.o(i.NVIC_Init)
    i.NVIC_PriorityGroupConfig               0x08001780   Section        0  misc.o(i.NVIC_PriorityGroupConfig)
    i.RCC_APB2PeriphClockCmd                 0x08001794   Section        0  stm32f10x_rcc.o(i.RCC_APB2PeriphClockCmd)
    i.RCC_GetClocksFreq                      0x080017ac   Section        0  stm32f10x_rcc.o(i.RCC_GetClocksFreq)
    i.SetSysClockTo72                        0x08001840   Section        0  system_stm32f10x.o(i.SetSysClockTo72)
    SetSysClockTo72                          0x08001841   Thumb Code   160  system_stm32f10x.o(i.SetSysClockTo72)
    i.SysTick_CLKSourceConfig                0x080018e8   Section        0  misc.o(i.SysTick_CLKSourceConfig)
    i.SysTick_Handler                        0x08001900   Section        0  delay.o(i.SysTick_Handler)
    i.SystemInit                             0x08001914   Section        0  system_stm32f10x.o(i.SystemInit)
    i.USART1_IRQHandler                      0x08001964   Section        0  usart.o(i.USART1_IRQHandler)
    i.USART_Cmd                              0x080019c8   Section        0  stm32f10x_usart.o(i.USART_Cmd)
    i.USART_GetITStatus                      0x080019dc   Section        0  stm32f10x_usart.o(i.USART_GetITStatus)
    i.USART_ITConfig                         0x08001a1a   Section        0  stm32f10x_usart.o(i.USART_ITConfig)
    i.USART_Init                             0x08001a4c   Section        0  stm32f10x_usart.o(i.USART_Init)
    i.USART_ReceiveData                      0x08001af8   Section        0  stm32f10x_usart.o(i.USART_ReceiveData)
    i.UsageFault_Handler                     0x08001b00   Section        0  stm32f10x_it.o(i.UsageFault_Handler)
    i.__ARM_fpclassify                       0x08001b02   Section        0  fpclassify.o(i.__ARM_fpclassify)
    i._is_digit                              0x08001b2a   Section        0  __printf_wp.o(i._is_digit)
    i._sys_exit                              0x08001b38   Section        0  usart.o(i._sys_exit)
    i.delay_init                             0x08001b3c   Section        0  delay.o(i.delay_init)
    i.float_task                             0x08001b84   Section        0  main.o(i.float_task)
    i.fputc                                  0x08001bd8   Section        0  usart.o(i.fputc)
    i.led0_task                              0x08001bf0   Section        0  main.o(i.led0_task)
    i.led1_task                              0x08001c18   Section        0  main.o(i.led1_task)
    i.main                                   0x08001c40   Section        0  main.o(i.main)
    i.prvAddCurrentTaskToDelayedList         0x08001c8c   Section        0  tasks.o(i.prvAddCurrentTaskToDelayedList)
    prvAddCurrentTaskToDelayedList           0x08001c8d   Thumb Code   102  tasks.o(i.prvAddCurrentTaskToDelayedList)
    i.prvAddNewTaskToReadyList               0x08001cfc   Section        0  tasks.o(i.prvAddNewTaskToReadyList)
    prvAddNewTaskToReadyList                 0x08001cfd   Thumb Code   192  tasks.o(i.prvAddNewTaskToReadyList)
    i.prvCheckForValidListAndQueue           0x08001dcc   Section        0  timers.o(i.prvCheckForValidListAndQueue)
    prvCheckForValidListAndQueue             0x08001dcd   Thumb Code    62  timers.o(i.prvCheckForValidListAndQueue)
    i.prvCheckTasksWaitingTermination        0x08001e1c   Section        0  tasks.o(i.prvCheckTasksWaitingTermination)
    prvCheckTasksWaitingTermination          0x08001e1d   Thumb Code    74  tasks.o(i.prvCheckTasksWaitingTermination)
    i.prvCopyDataFromQueue                   0x08001e70   Section        0  queue.o(i.prvCopyDataFromQueue)
    prvCopyDataFromQueue                     0x08001e71   Thumb Code    38  queue.o(i.prvCopyDataFromQueue)
    i.prvCopyDataToQueue                     0x08001e96   Section        0  queue.o(i.prvCopyDataToQueue)
    prvCopyDataToQueue                       0x08001e97   Thumb Code   108  queue.o(i.prvCopyDataToQueue)
    i.prvDeleteTCB                           0x08001f02   Section        0  tasks.o(i.prvDeleteTCB)
    prvDeleteTCB                             0x08001f03   Thumb Code    20  tasks.o(i.prvDeleteTCB)
    i.prvHeapInit                            0x08001f18   Section        0  heap_4.o(i.prvHeapInit)
    prvHeapInit                              0x08001f19   Thumb Code    66  heap_4.o(i.prvHeapInit)
    i.prvIdleTask                            0x08001f64   Section        0  tasks.o(i.prvIdleTask)
    prvIdleTask                              0x08001f65   Thumb Code    30  tasks.o(i.prvIdleTask)
    i.prvInitialiseNewTask                   0x08001f8c   Section        0  tasks.o(i.prvInitialiseNewTask)
    prvInitialiseNewTask                     0x08001f8d   Thumb Code   154  tasks.o(i.prvInitialiseNewTask)
    i.prvInsertBlockIntoFreeList             0x0800204c   Section        0  heap_4.o(i.prvInsertBlockIntoFreeList)
    prvInsertBlockIntoFreeList               0x0800204d   Thumb Code    72  heap_4.o(i.prvInsertBlockIntoFreeList)
    i.prvInsertTimerInActiveList             0x08002098   Section        0  timers.o(i.prvInsertTimerInActiveList)
    prvInsertTimerInActiveList               0x08002099   Thumb Code    52  timers.o(i.prvInsertTimerInActiveList)
    i.prvIsQueueEmpty                        0x080020d0   Section        0  queue.o(i.prvIsQueueEmpty)
    prvIsQueueEmpty                          0x080020d1   Thumb Code    26  queue.o(i.prvIsQueueEmpty)
    i.prvNotifyQueueSetContainer             0x080020ec   Section        0  queue.o(i.prvNotifyQueueSetContainer)
    prvNotifyQueueSetContainer               0x080020ed   Thumb Code   108  queue.o(i.prvNotifyQueueSetContainer)
    i.prvProcessExpiredTimer                 0x0800217c   Section        0  timers.o(i.prvProcessExpiredTimer)
    prvProcessExpiredTimer                   0x0800217d   Thumb Code    86  timers.o(i.prvProcessExpiredTimer)
    i.prvProcessReceivedCommands             0x080021dc   Section        0  timers.o(i.prvProcessReceivedCommands)
    prvProcessReceivedCommands               0x080021dd   Thumb Code   196  timers.o(i.prvProcessReceivedCommands)
    i.prvProcessTimerOrBlockTask             0x080022cc   Section        0  timers.o(i.prvProcessTimerOrBlockTask)
    prvProcessTimerOrBlockTask               0x080022cd   Thumb Code    98  timers.o(i.prvProcessTimerOrBlockTask)
    i.prvResetNextTaskUnblockTime            0x08002338   Section        0  tasks.o(i.prvResetNextTaskUnblockTime)
    prvResetNextTaskUnblockTime              0x08002339   Thumb Code    26  tasks.o(i.prvResetNextTaskUnblockTime)
    i.prvSampleTimeNow                       0x08002358   Section        0  timers.o(i.prvSampleTimeNow)
    prvSampleTimeNow                         0x08002359   Thumb Code    36  timers.o(i.prvSampleTimeNow)
    i.prvSwitchTimerLists                    0x08002380   Section        0  timers.o(i.prvSwitchTimerLists)
    prvSwitchTimerLists                      0x08002381   Thumb Code   100  timers.o(i.prvSwitchTimerLists)
    i.prvTaskExitError                       0x080023ec   Section        0  port.o(i.prvTaskExitError)
    prvTaskExitError                         0x080023ed   Thumb Code    34  port.o(i.prvTaskExitError)
    i.prvTimerTask                           0x08002450   Section        0  timers.o(i.prvTimerTask)
    prvTimerTask                             0x08002451   Thumb Code    34  timers.o(i.prvTimerTask)
    i.prvUnlockQueue                         0x08002478   Section        0  queue.o(i.prvUnlockQueue)
    prvUnlockQueue                           0x08002479   Thumb Code   120  queue.o(i.prvUnlockQueue)
    i.pvPortMalloc                           0x080024f0   Section        0  heap_4.o(i.pvPortMalloc)
    i.pvTaskIncrementMutexHeldCount          0x08002604   Section        0  tasks.o(i.pvTaskIncrementMutexHeldCount)
    i.pxPortInitialiseStack                  0x0800261c   Section        0  port.o(i.pxPortInitialiseStack)
    i.start_task                             0x08002640   Section        0  main.o(i.start_task)
    i.uart_init                              0x080026cc   Section        0  usart.o(i.uart_init)
    i.uxListRemove                           0x0800276c   Section        0  list.o(i.uxListRemove)
    i.vListInitialise                        0x08002790   Section        0  list.o(i.vListInitialise)
    i.vListInitialiseItem                    0x080027a6   Section        0  list.o(i.vListInitialiseItem)
    i.vListInsert                            0x080027ac   Section        0  list.o(i.vListInsert)
    i.vListInsertEnd                         0x080027dc   Section        0  list.o(i.vListInsertEnd)
    i.vPortEnterCritical                     0x080027f4   Section        0  port.o(i.vPortEnterCritical)
    i.vPortExitCritical                      0x0800286c   Section        0  port.o(i.vPortExitCritical)
    i.vPortFree                              0x080028d0   Section        0  heap_4.o(i.vPortFree)
    i.vPortSetupTimerInterrupt               0x0800296c   Section        0  port.o(i.vPortSetupTimerInterrupt)
    i.vPortValidateInterruptPriority         0x0800298c   Section        0  port.o(i.vPortValidateInterruptPriority)
    i.vQueueAddToRegistry                    0x08002a18   Section        0  queue.o(i.vQueueAddToRegistry)
    i.vQueueWaitForMessageRestricted         0x08002a3c   Section        0  queue.o(i.vQueueWaitForMessageRestricted)
    i.vTaskDelay                             0x08002a80   Section        0  tasks.o(i.vTaskDelay)
    i.vTaskDelete                            0x08002aec   Section        0  tasks.o(i.vTaskDelete)
    i.vTaskMissedYield                       0x08002bb8   Section        0  tasks.o(i.vTaskMissedYield)
    i.vTaskPlaceOnEventList                  0x08002bc4   Section        0  tasks.o(i.vTaskPlaceOnEventList)
    i.vTaskPlaceOnEventListRestricted        0x08002c18   Section        0  tasks.o(i.vTaskPlaceOnEventListRestricted)
    i.vTaskPriorityInherit                   0x08002c74   Section        0  tasks.o(i.vTaskPriorityInherit)
    i.vTaskSetTimeOutState                   0x08002cf8   Section        0  tasks.o(i.vTaskSetTimeOutState)
    i.vTaskStartScheduler                    0x08002d40   Section        0  tasks.o(i.vTaskStartScheduler)
    i.vTaskSuspendAll                        0x08002dd4   Section        0  tasks.o(i.vTaskSuspendAll)
    i.vTaskSwitchContext                     0x08002de4   Section        0  tasks.o(i.vTaskSwitchContext)
    i.xPortStartScheduler                    0x08002e60   Section        0  port.o(i.xPortStartScheduler)
    i.xPortSysTickHandler                    0x08002ed8   Section        0  port.o(i.xPortSysTickHandler)
    i.xQueueGenericCreate                    0x08002f04   Section        0  queue.o(i.xQueueGenericCreate)
    i.xQueueGenericReceive                   0x08002f7c   Section        0  queue.o(i.xQueueGenericReceive)
    i.xQueueGenericReset                     0x08003100   Section        0  queue.o(i.xQueueGenericReset)
    i.xQueueGenericSend                      0x080031a8   Section        0  queue.o(i.xQueueGenericSend)
    i.xQueueGenericSendFromISR               0x08003330   Section        0  queue.o(i.xQueueGenericSendFromISR)
    i.xTaskCheckForTimeOut                   0x08003410   Section        0  tasks.o(i.xTaskCheckForTimeOut)
    i.xTaskCreate                            0x08003498   Section        0  tasks.o(i.xTaskCreate)
    i.xTaskGetSchedulerState                 0x080034f0   Section        0  tasks.o(i.xTaskGetSchedulerState)
    i.xTaskGetTickCount                      0x0800350c   Section        0  tasks.o(i.xTaskGetTickCount)
    i.xTaskIncrementTick                     0x08003518   Section        0  tasks.o(i.xTaskIncrementTick)
    i.xTaskPriorityDisinherit                0x08003600   Section        0  tasks.o(i.xTaskPriorityDisinherit)
    i.xTaskRemoveFromEventList               0x080036b4   Section        0  tasks.o(i.xTaskRemoveFromEventList)
    i.xTaskResumeAll                         0x0800374c   Section        0  tasks.o(i.xTaskResumeAll)
    i.xTimerCreate                           0x08003830   Section        0  timers.o(i.xTimerCreate)
    i.xTimerCreateTimerTask                  0x080038a4   Section        0  timers.o(i.xTimerCreateTimerTask)
    i.xTimerGenericCommand                   0x08003918   Section        0  timers.o(i.xTimerGenericCommand)
    locale$$code                             0x080039a8   Section       44  lc_numeric_c.o(locale$$code)
    x$fpl$dretinf                            0x080039d4   Section       12  dretinf.o(x$fpl$dretinf)
    x$fpl$f2d                                0x080039e0   Section       86  f2d.o(x$fpl$f2d)
    x$fpl$fadd                               0x08003a38   Section      196  faddsub_clz.o(x$fpl$fadd)
    _fadd1                                   0x08003a47   Thumb Code     0  faddsub_clz.o(x$fpl$fadd)
    x$fpl$fnaninf                            0x08003afc   Section      140  fnaninf.o(x$fpl$fnaninf)
    x$fpl$fretinf                            0x08003b88   Section       10  fretinf.o(x$fpl$fretinf)
    x$fpl$fsub                               0x08003b94   Section      234  faddsub_clz.o(x$fpl$fsub)
    _fsub1                                   0x08003ba3   Thumb Code     0  faddsub_clz.o(x$fpl$fsub)
    x$fpl$printf1                            0x08003c7e   Section        4  printf1.o(x$fpl$printf1)
    x$fpl$usenofp                            0x08003c82   Section        0  usenofp.o(x$fpl$usenofp)
    .constdata                               0x08003c84   Section      148  bigflt0.o(.constdata)
    tenpwrs_x                                0x08003c84   Data          60  bigflt0.o(.constdata)
    tenpwrs_i                                0x08003cc0   Data          64  bigflt0.o(.constdata)
    locale$$data                             0x08003d38   Section       28  lc_numeric_c.o(locale$$data)
    __lcnum_c_name                           0x08003d3c   Data           2  lc_numeric_c.o(locale$$data)
    __lcnum_c_start                          0x08003d44   Data           0  lc_numeric_c.o(locale$$data)
    __lcnum_c_point                          0x08003d50   Data           0  lc_numeric_c.o(locale$$data)
    __lcnum_c_thousands                      0x08003d52   Data           0  lc_numeric_c.o(locale$$data)
    __lcnum_c_grouping                       0x08003d53   Data           0  lc_numeric_c.o(locale$$data)
    __lcnum_c_end                            0x08003d54   Data           0  lc_numeric_c.o(locale$$data)
    .data                                    0x20000000   Section       20  stm32f10x_rcc.o(.data)
    ADCPrescTable                            0x20000000   Data           4  stm32f10x_rcc.o(.data)
    APBAHBPrescTable                         0x20000004   Data          16  stm32f10x_rcc.o(.data)
    .data                                    0x20000014   Section        4  delay.o(.data)
    fac_us                                   0x20000014   Data           1  delay.o(.data)
    fac_ms                                   0x20000016   Data           2  delay.o(.data)
    .data                                    0x20000018   Section        2  usart.o(.data)
    .data                                    0x2000001c   Section        4  usart.o(.data)
    .data                                    0x20000020   Section       20  main.o(.data)
    float_num                                0x20000020   Data           4  main.o(.data)
    .data                                    0x20000034   Section       20  system_stm32f10x.o(.data)
    .data                                    0x20000048   Section       60  tasks.o(.data)
    uxDeletedTasksWaitingCleanUp             0x2000004c   Data           4  tasks.o(.data)
    uxCurrentNumberOfTasks                   0x20000050   Data           4  tasks.o(.data)
    xTickCount                               0x20000054   Data           4  tasks.o(.data)
    uxTopReadyPriority                       0x20000058   Data           4  tasks.o(.data)
    xSchedulerRunning                        0x2000005c   Data           4  tasks.o(.data)
    uxPendedTicks                            0x20000060   Data           4  tasks.o(.data)
    xYieldPending                            0x20000064   Data           4  tasks.o(.data)
    xNumOfOverflows                          0x20000068   Data           4  tasks.o(.data)
    uxTaskNumber                             0x2000006c   Data           4  tasks.o(.data)
    xNextTaskUnblockTime                     0x20000070   Data           4  tasks.o(.data)
    xIdleTaskHandle                          0x20000074   Data           4  tasks.o(.data)
    uxSchedulerSuspended                     0x20000078   Data           4  tasks.o(.data)
    pxDelayedTaskList                        0x2000007c   Data           4  tasks.o(.data)
    pxOverflowDelayedTaskList                0x20000080   Data           4  tasks.o(.data)
    .data                                    0x20000084   Section       20  timers.o(.data)
    xTimerQueue                              0x20000084   Data           4  timers.o(.data)
    xTimerTaskHandle                         0x20000088   Data           4  timers.o(.data)
    xLastTime                                0x2000008c   Data           4  timers.o(.data)
    pxCurrentTimerList                       0x20000090   Data           4  timers.o(.data)
    pxOverflowTimerList                      0x20000094   Data           4  timers.o(.data)
    .data                                    0x20000098   Section       24  heap_4.o(.data)
    pxEnd                                    0x20000098   Data           4  heap_4.o(.data)
    xFreeBytesRemaining                      0x2000009c   Data           4  heap_4.o(.data)
    xMinimumEverFreeBytesRemaining           0x200000a0   Data           4  heap_4.o(.data)
    xBlockAllocatedBit                       0x200000a4   Data           4  heap_4.o(.data)
    xStart                                   0x200000a8   Data           8  heap_4.o(.data)
    .data                                    0x200000b0   Section       12  port.o(.data)
    ucMaxSysCallPriority                     0x200000b0   Data           1  port.o(.data)
    uxCriticalNesting                        0x200000b4   Data           4  port.o(.data)
    ulMaxPRIGROUPValue                       0x200000b8   Data           4  port.o(.data)
    .bss                                     0x200000bc   Section      200  usart.o(.bss)
    .bss                                     0x20000184   Section       64  queue.o(.bss)
    .bss                                     0x200001c4   Section      740  tasks.o(.bss)
    pxReadyTasksLists                        0x200001c4   Data         640  tasks.o(.bss)
    xDelayedTaskList1                        0x20000444   Data          20  tasks.o(.bss)
    xDelayedTaskList2                        0x20000458   Data          20  tasks.o(.bss)
    xPendingReadyList                        0x2000046c   Data          20  tasks.o(.bss)
    xTasksWaitingTermination                 0x20000480   Data          20  tasks.o(.bss)
    xSuspendedTaskList                       0x20000494   Data          20  tasks.o(.bss)
    .bss                                     0x200004a8   Section       40  timers.o(.bss)
    xActiveTimerList1                        0x200004a8   Data          20  timers.o(.bss)
    xActiveTimerList2                        0x200004bc   Data          20  timers.o(.bss)
    .bss                                     0x200004d0   Section    20480  heap_4.o(.bss)
    ucHeap                                   0x200004d0   Data       20480  heap_4.o(.bss)
    .bss                                     0x200054d0   Section       96  libspace.o(.bss)
    HEAP                                     0x20005530   Section      512  startup_stm32f10x_hd.o(HEAP)
    Heap_Mem                                 0x20005530   Data         512  startup_stm32f10x_hd.o(HEAP)
    STACK                                    0x20005730   Section     1024  startup_stm32f10x_hd.o(STACK)
    Stack_Mem                                0x20005730   Data        1024  startup_stm32f10x_hd.o(STACK)
    __initial_sp                             0x20005b30   Data           0  startup_stm32f10x_hd.o(STACK)

    Global Symbols

    Symbol Name                              Value     Ov Type        Size  Object(Section)

    BuildAttributes$$THM_ISAv4$P$D$K$B$S$PE$A:L22UL41UL21$X:L11$S22US41US21$IEEE1$IW$USESV6$~STKCKD$USESV7$~SHL$OTIME$ROPI$IEEEJ$EBA8$UX$STANDARDLIB$REQ8$PRES8$EABIv2 0x00000000   Number         0  anon$$obj.o ABSOLUTE
    __ARM_use_no_argv                        0x00000000   Number         0  main.o ABSOLUTE
    _printf_flags                            0x00000000   Number         0  printf_stubs.o ABSOLUTE
    _printf_return_value                     0x00000000   Number         0  printf_stubs.o ABSOLUTE
    _printf_sizespec                         0x00000000   Number         0  printf_stubs.o ABSOLUTE
    _printf_widthprec                        0x00000000   Number         0  printf_stubs.o ABSOLUTE
    __ARM_exceptions_init                     - Undefined Weak Reference
    __alloca_initialize                       - Undefined Weak Reference
    __arm_preinit_                            - Undefined Weak Reference
    __cpp_initialize__aeabi_                  - Undefined Weak Reference
    __cxa_finalize                            - Undefined Weak Reference
    __sigvec_lookup                           - Undefined Weak Reference
    _atexit_init                              - Undefined Weak Reference
    _call_atexit_fns                          - Undefined Weak Reference
    _clock_init                               - Undefined Weak Reference
    _fp_trap_init                             - Undefined Weak Reference
    _fp_trap_shutdown                         - Undefined Weak Reference
    _get_lc_collate                           - Undefined Weak Reference
    _get_lc_ctype                             - Undefined Weak Reference
    _get_lc_monetary                          - Undefined Weak Reference
    _get_lc_time                              - Undefined Weak Reference
    _getenv_init                              - Undefined Weak Reference
    _handle_redirection                       - Undefined Weak Reference
    _init_alloc                               - Undefined Weak Reference
    _init_user_alloc                          - Undefined Weak Reference
    _initio                                   - Undefined Weak Reference
    _mutex_acquire                            - Undefined Weak Reference
    _mutex_release                            - Undefined Weak Reference
    _printf_mbtowc                            - Undefined Weak Reference
    _printf_post_padding                      - Undefined Weak Reference
    _printf_pre_padding                       - Undefined Weak Reference
    _printf_truncate_signed                   - Undefined Weak Reference
    _printf_truncate_unsigned                 - Undefined Weak Reference
    _rand_init                                - Undefined Weak Reference
    _signal_finish                            - Undefined Weak Reference
    _signal_init                              - Undefined Weak Reference
    _terminate_alloc                          - Undefined Weak Reference
    _terminate_user_alloc                     - Undefined Weak Reference
    _terminateio                              - Undefined Weak Reference
    __Vectors_Size                           0x00000130   Number         0  startup_stm32f10x_hd.o ABSOLUTE
    __Vectors                                0x08000000   Data           4  startup_stm32f10x_hd.o(RESET)
    __Vectors_End                            0x08000130   Data           0  startup_stm32f10x_hd.o(RESET)
    __main                                   0x08000131   Thumb Code     8  __main.o(!!!main)
    __scatterload                            0x08000139   Thumb Code     0  __scatter.o(!!!scatter)
    __scatterload_rt2                        0x08000139   Thumb Code    44  __scatter.o(!!!scatter)
    __scatterload_rt2_thumb_only             0x08000139   Thumb Code     0  __scatter.o(!!!scatter)
    __scatterload_null                       0x08000147   Thumb Code     0  __scatter.o(!!!scatter)
    __scatterload_copy                       0x0800016d   Thumb Code    26  __scatter_copy.o(!!handler_copy)
    __scatterload_zeroinit                   0x08000189   Thumb Code    28  __scatter_zi.o(!!handler_zi)
    _printf_f                                0x080001a5   Thumb Code     0  _printf_f.o(.ARM.Collect$$_printf_percent$$00000003)
    _printf_percent                          0x080001a5   Thumb Code     0  _printf_percent.o(.ARM.Collect$$_printf_percent$$00000000)
    _printf_d                                0x080001ab   Thumb Code     0  _printf_d.o(.ARM.Collect$$_printf_percent$$00000009)
    _printf_s                                0x080001b1   Thumb Code     0  _printf_s.o(.ARM.Collect$$_printf_percent$$00000014)
    _printf_percent_end                      0x080001b7   Thumb Code     0  _printf_percent_end.o(.ARM.Collect$$_printf_percent$$00000017)
    __rt_lib_init                            0x080001bb   Thumb Code     0  libinit.o(.ARM.Collect$$libinit$$00000000)
    __rt_lib_init_fp_1                       0x080001bd   Thumb Code     0  libinit2.o(.ARM.Collect$$libinit$$00000002)
    __rt_lib_init_heap_1                     0x080001bd   Thumb Code     0  libinit2.o(.ARM.Collect$$libinit$$0000000A)
    __rt_lib_init_lc_common                  0x080001bd   Thumb Code     0  libinit2.o(.ARM.Collect$$libinit$$0000000F)
    __rt_lib_init_preinit_1                  0x080001bd   Thumb Code     0  libinit2.o(.ARM.Collect$$libinit$$00000004)
    __rt_lib_init_rand_1                     0x080001bd   Thumb Code     0  libinit2.o(.ARM.Collect$$libinit$$0000000E)
    __rt_lib_init_user_alloc_1               0x080001bd   Thumb Code     0  libinit2.o(.ARM.Collect$$libinit$$0000000C)
    __rt_lib_init_lc_collate_1               0x080001c3   Thumb Code     0  libinit2.o(.ARM.Collect$$libinit$$00000011)
    __rt_lib_init_lc_ctype_1                 0x080001c3   Thumb Code     0  libinit2.o(.ARM.Collect$$libinit$$00000013)
    __rt_lib_init_lc_monetary_1              0x080001c3   Thumb Code     0  libinit2.o(.ARM.Collect$$libinit$$00000015)
    __rt_lib_init_lc_numeric_2               0x080001c3   Thumb Code     0  libinit2.o(.ARM.Collect$$libinit$$00000016)
    __rt_lib_init_alloca_1                   0x080001cd   Thumb Code     0  libinit2.o(.ARM.Collect$$libinit$$0000002E)
    __rt_lib_init_argv_1                     0x080001cd   Thumb Code     0  libinit2.o(.ARM.Collect$$libinit$$0000002C)
    __rt_lib_init_atexit_1                   0x080001cd   Thumb Code     0  libinit2.o(.ARM.Collect$$libinit$$0000001B)
    __rt_lib_init_clock_1                    0x080001cd   Thumb Code     0  libinit2.o(.ARM.Collect$$libinit$$00000021)
    __rt_lib_init_cpp_1                      0x080001cd   Thumb Code     0  libinit2.o(.ARM.Collect$$libinit$$00000032)
    __rt_lib_init_exceptions_1               0x080001cd   Thumb Code     0  libinit2.o(.ARM.Collect$$libinit$$00000030)
    __rt_lib_init_fp_trap_1                  0x080001cd   Thumb Code     0  libinit2.o(.ARM.Collect$$libinit$$0000001F)
    __rt_lib_init_getenv_1                   0x080001cd   Thumb Code     0  libinit2.o(.ARM.Collect$$libinit$$00000023)
    __rt_lib_init_lc_numeric_1               0x080001cd   Thumb Code     0  libinit2.o(.ARM.Collect$$libinit$$00000017)
    __rt_lib_init_lc_time_1                  0x080001cd   Thumb Code     0  libinit2.o(.ARM.Collect$$libinit$$00000019)
    __rt_lib_init_return                     0x080001cd   Thumb Code     0  libinit2.o(.ARM.Collect$$libinit$$00000033)
    __rt_lib_init_signal_1                   0x080001cd   Thumb Code     0  libinit2.o(.ARM.Collect$$libinit$$0000001D)
    __rt_lib_init_stdio_1                    0x080001cd   Thumb Code     0  libinit2.o(.ARM.Collect$$libinit$$00000025)
    __rt_lib_shutdown                        0x080001cf   Thumb Code     0  libshutdown.o(.ARM.Collect$$libshutdown$$00000000)
    __rt_lib_shutdown_cpp_1                  0x080001d1   Thumb Code     0  libshutdown2.o(.ARM.Collect$$libshutdown$$00000002)
    __rt_lib_shutdown_fp_trap_1              0x080001d1   Thumb Code     0  libshutdown2.o(.ARM.Collect$$libshutdown$$00000007)
    __rt_lib_shutdown_heap_1                 0x080001d1   Thumb Code     0  libshutdown2.o(.ARM.Collect$$libshutdown$$0000000F)
    __rt_lib_shutdown_return                 0x080001d1   Thumb Code     0  libshutdown2.o(.ARM.Collect$$libshutdown$$00000010)
    __rt_lib_shutdown_signal_1               0x080001d1   Thumb Code     0  libshutdown2.o(.ARM.Collect$$libshutdown$$0000000A)
    __rt_lib_shutdown_stdio_1                0x080001d1   Thumb Code     0  libshutdown2.o(.ARM.Collect$$libshutdown$$00000004)
    __rt_lib_shutdown_user_alloc_1           0x080001d1   Thumb Code     0  libshutdown2.o(.ARM.Collect$$libshutdown$$0000000C)
    __rt_entry                               0x080001d3   Thumb Code     0  __rtentry.o(.ARM.Collect$$rtentry$$00000000)
    __rt_entry_presh_1                       0x080001d3   Thumb Code     0  __rtentry2.o(.ARM.Collect$$rtentry$$00000002)
    __rt_entry_sh                            0x080001d3   Thumb Code     0  __rtentry4.o(.ARM.Collect$$rtentry$$00000004)
    __rt_entry_li                            0x080001d9   Thumb Code     0  __rtentry2.o(.ARM.Collect$$rtentry$$0000000A)
    __rt_entry_postsh_1                      0x080001d9   Thumb Code     0  __rtentry2.o(.ARM.Collect$$rtentry$$00000009)
    __rt_entry_main                          0x080001dd   Thumb Code     0  __rtentry2.o(.ARM.Collect$$rtentry$$0000000D)
    __rt_entry_postli_1                      0x080001dd   Thumb Code     0  __rtentry2.o(.ARM.Collect$$rtentry$$0000000C)
    __rt_exit                                0x080001e5   Thumb Code     0  rtexit.o(.ARM.Collect$$rtexit$$00000000)
    __rt_exit_ls                             0x080001e7   Thumb Code     0  rtexit2.o(.ARM.Collect$$rtexit$$00000003)
    __rt_exit_prels_1                        0x080001e7   Thumb Code     0  rtexit2.o(.ARM.Collect$$rtexit$$00000002)
    __rt_exit_exit                           0x080001eb   Thumb Code     0  rtexit2.o(.ARM.Collect$$rtexit$$00000004)
    SVC_Handler                              0x080001f1   Thumb Code    32  port.o(.emb_text)
    __asm___6_port_c_39a90d8d__prvStartFirstTask 0x08000215   Thumb Code    28  port.o(.emb_text)
    PendSV_Handler                           0x08000235   Thumb Code    72  port.o(.emb_text)
    vPortGetIPSR                             0x08000281   Thumb Code     6  port.o(.emb_text)
    Reset_Handler                            0x08000289   Thumb Code     8  startup_stm32f10x_hd.o(.text)
    ADC1_2_IRQHandler                        0x080002a3   Thumb Code     0  startup_stm32f10x_hd.o(.text)
    ADC3_IRQHandler                          0x080002a3   Thumb Code     0  startup_stm32f10x_hd.o(.text)
    CAN1_RX1_IRQHandler                      0x080002a3   Thumb Code     0  startup_stm32f10x_hd.o(.text)
    CAN1_SCE_IRQHandler                      0x080002a3   Thumb Code     0  startup_stm32f10x_hd.o(.text)
    DMA1_Channel1_IRQHandler                 0x080002a3   Thumb Code     0  startup_stm32f10x_hd.o(.text)
    DMA1_Channel2_IRQHandler                 0x080002a3   Thumb Code     0  startup_stm32f10x_hd.o(.text)
    DMA1_Channel3_IRQHandler                 0x080002a3   Thumb Code     0  startup_stm32f10x_hd.o(.text)
    DMA1_Channel4_IRQHandler                 0x080002a3   Thumb Code     0  startup_stm32f10x_hd.o(.text)
    DMA1_Channel5_IRQHandler                 0x080002a3   Thumb Code     0  startup_stm32f10x_hd.o(.text)
    DMA1_Channel6_IRQHandler                 0x080002a3   Thumb Code     0  startup_stm32f10x_hd.o(.text)
    DMA1_Channel7_IRQHandler                 0x080002a3   Thumb Code     0  startup_stm32f10x_hd.o(.text)
    DMA2_Channel1_IRQHandler                 0x080002a3   Thumb Code     0  startup_stm32f10x_hd.o(.text)
    DMA2_Channel2_IRQHandler                 0x080002a3   Thumb Code     0  startup_stm32f10x_hd.o(.text)
    DMA2_Channel3_IRQHandler                 0x080002a3   Thumb Code     0  startup_stm32f10x_hd.o(.text)
    DMA2_Channel4_5_IRQHandler               0x080002a3   Thumb Code     0  startup_stm32f10x_hd.o(.text)
    EXTI0_IRQHandler                         0x080002a3   Thumb Code     0  startup_stm32f10x_hd.o(.text)
    EXTI15_10_IRQHandler                     0x080002a3   Thumb Code     0  startup_stm32f10x_hd.o(.text)
    EXTI1_IRQHandler                         0x080002a3   Thumb Code     0  startup_stm32f10x_hd.o(.text)
    EXTI2_IRQHandler                         0x080002a3   Thumb Code     0  startup_stm32f10x_hd.o(.text)
    EXTI3_IRQHandler                         0x080002a3   Thumb Code     0  startup_stm32f10x_hd.o(.text)
    EXTI4_IRQHandler                         0x080002a3   Thumb Code     0  startup_stm32f10x_hd.o(.text)
    EXTI9_5_IRQHandler                       0x080002a3   Thumb Code     0  startup_stm32f10x_hd.o(.text)
    FLASH_IRQHandler                         0x080002a3   Thumb Code     0  startup_stm32f10x_hd.o(.text)
    FSMC_IRQHandler                          0x080002a3   Thumb Code     0  startup_stm32f10x_hd.o(.text)
    I2C1_ER_IRQHandler                       0x080002a3   Thumb Code     0  startup_stm32f10x_hd.o(.text)
    I2C1_EV_IRQHandler                       0x080002a3   Thumb Code     0  startup_stm32f10x_hd.o(.text)
    I2C2_ER_IRQHandler                       0x080002a3   Thumb Code     0  startup_stm32f10x_hd.o(.text)
    I2C2_EV_IRQHandler                       0x080002a3   Thumb Code     0  startup_stm32f10x_hd.o(.text)
    PVD_IRQHandler                           0x080002a3   Thumb Code     0  startup_stm32f10x_hd.o(.text)
    RCC_IRQHandler                           0x080002a3   Thumb Code     0  startup_stm32f10x_hd.o(.text)
    RTCAlarm_IRQHandler                      0x080002a3   Thumb Code     0  startup_stm32f10x_hd.o(.text)
    RTC_IRQHandler                           0x080002a3   Thumb Code     0  startup_stm32f10x_hd.o(.text)
    SDIO_IRQHandler                          0x080002a3   Thumb Code     0  startup_stm32f10x_hd.o(.text)
    SPI1_IRQHandler                          0x080002a3   Thumb Code     0  startup_stm32f10x_hd.o(.text)
    SPI2_IRQHandler                          0x080002a3   Thumb Code     0  startup_stm32f10x_hd.o(.text)
    SPI3_IRQHandler                          0x080002a3   Thumb Code     0  startup_stm32f10x_hd.o(.text)
    TAMPER_IRQHandler                        0x080002a3   Thumb Code     0  startup_stm32f10x_hd.o(.text)
    TIM1_BRK_IRQHandler                      0x080002a3   Thumb Code     0  startup_stm32f10x_hd.o(.text)
    TIM1_CC_IRQHandler                       0x080002a3   Thumb Code     0  startup_stm32f10x_hd.o(.text)
    TIM1_TRG_COM_IRQHandler                  0x080002a3   Thumb Code     0  startup_stm32f10x_hd.o(.text)
    TIM1_UP_IRQHandler                       0x080002a3   Thumb Code     0  startup_stm32f10x_hd.o(.text)
    TIM2_IRQHandler                          0x080002a3   Thumb Code     0  startup_stm32f10x_hd.o(.text)
    TIM3_IRQHandler                          0x080002a3   Thumb Code     0  startup_stm32f10x_hd.o(.text)
    TIM4_IRQHandler                          0x080002a3   Thumb Code     0  startup_stm32f10x_hd.o(.text)
    TIM5_IRQHandler                          0x080002a3   Thumb Code     0  startup_stm32f10x_hd.o(.text)
    TIM6_IRQHandler                          0x080002a3   Thumb Code     0  startup_stm32f10x_hd.o(.text)
    TIM7_IRQHandler                          0x080002a3   Thumb Code     0  startup_stm32f10x_hd.o(.text)
    TIM8_BRK_IRQHandler                      0x080002a3   Thumb Code     0  startup_stm32f10x_hd.o(.text)
    TIM8_CC_IRQHandler                       0x080002a3   Thumb Code     0  startup_stm32f10x_hd.o(.text)
    TIM8_TRG_COM_IRQHandler                  0x080002a3   Thumb Code     0  startup_stm32f10x_hd.o(.text)
    TIM8_UP_IRQHandler                       0x080002a3   Thumb Code     0  startup_stm32f10x_hd.o(.text)
    UART4_IRQHandler                         0x080002a3   Thumb Code     0  startup_stm32f10x_hd.o(.text)
    UART5_IRQHandler                         0x080002a3   Thumb Code     0  startup_stm32f10x_hd.o(.text)
    USART2_IRQHandler                        0x080002a3   Thumb Code     0  startup_stm32f10x_hd.o(.text)
    USART3_IRQHandler                        0x080002a3   Thumb Code     0  startup_stm32f10x_hd.o(.text)
    USBWakeUp_IRQHandler                     0x080002a3   Thumb Code     0  startup_stm32f10x_hd.o(.text)
    USB_HP_CAN1_TX_IRQHandler                0x080002a3   Thumb Code     0  startup_stm32f10x_hd.o(.text)
    USB_LP_CAN1_RX0_IRQHandler               0x080002a3   Thumb Code     0  startup_stm32f10x_hd.o(.text)
    WWDG_IRQHandler                          0x080002a3   Thumb Code     0  startup_stm32f10x_hd.o(.text)
    __user_initial_stackheap                 0x080002a5   Thumb Code     0  startup_stm32f10x_hd.o(.text)
    __use_no_semihosting                     0x080002c9   Thumb Code     2  use_no_semi_2.o(.text)
    __2printf                                0x080002cd   Thumb Code    20  noretval__2printf.o(.text)
    _printf_str                              0x080002e5   Thumb Code    82  _printf_str.o(.text)
    _printf_int_dec                          0x08000339   Thumb Code   104  _printf_dec.o(.text)
    __printf                                 0x080003b1   Thumb Code   270  __printf_wp.o(.text)
    __aeabi_memcpy                           0x080004bf   Thumb Code     0  rt_memcpy_v6.o(.text)
    __rt_memcpy                              0x080004bf   Thumb Code   138  rt_memcpy_v6.o(.text)
    _memcpy_lastbytes                        0x08000525   Thumb Code     0  rt_memcpy_v6.o(.text)
    __aeabi_memset                           0x08000549   Thumb Code    16  aeabi_memset.o(.text)
    __use_two_region_memory                  0x08000559   Thumb Code     2  heapauxi.o(.text)
    __rt_heap_escrow$2region                 0x0800055b   Thumb Code     2  heapauxi.o(.text)
    __rt_heap_expand$2region                 0x0800055d   Thumb Code     2  heapauxi.o(.text)
    __I$use$semihosting                      0x0800055f   Thumb Code     0  use_no_semi.o(.text)
    __use_no_semihosting_swi                 0x0800055f   Thumb Code     2  use_no_semi.o(.text)
    _printf_int_common                       0x08000561   Thumb Code   178  _printf_intcommon.o(.text)
    __lib_sel_fp_printf                      0x08000613   Thumb Code     2  _printf_fp_dec.o(.text)
    _printf_fp_dec_real                      0x080007c5   Thumb Code   620  _printf_fp_dec.o(.text)
    _printf_char_common                      0x08000a3b   Thumb Code    32  _printf_char_common.o(.text)
    _printf_cs_common                        0x08000a61   Thumb Code    20  _printf_char.o(.text)
    _printf_char                             0x08000a75   Thumb Code    16  _printf_char.o(.text)
    _printf_string                           0x08000a85   Thumb Code     8  _printf_char.o(.text)
    _printf_char_file                        0x08000a8d   Thumb Code    32  _printf_char_file.o(.text)
    __aeabi_memcpy4                          0x08000ab1   Thumb Code     0  rt_memcpy_w.o(.text)
    __aeabi_memcpy8                          0x08000ab1   Thumb Code     0  rt_memcpy_w.o(.text)
    __rt_memcpy_w                            0x08000ab1   Thumb Code   100  rt_memcpy_w.o(.text)
    _memcpy_lastbytes_aligned                0x08000af9   Thumb Code     0  rt_memcpy_w.o(.text)
    __aeabi_memclr                           0x08000b15   Thumb Code     0  rt_memclr.o(.text)
    __rt_memclr                              0x08000b15   Thumb Code    68  rt_memclr.o(.text)
    _memset                                  0x08000b19   Thumb Code     0  rt_memclr.o(.text)
    __rt_locale                              0x08000b59   Thumb Code     8  rt_locale_intlibspace.o(.text)
    _ll_udiv10                               0x08000b61   Thumb Code   138  lludiv10.o(.text)
    _printf_fp_infnan                        0x08000bed   Thumb Code   112  _printf_fp_infnan.o(.text)
    _btod_etento                             0x08000c6d   Thumb Code   224  bigflt0.o(.text)
    ferror                                   0x08000d51   Thumb Code     8  ferror.o(.text)
    __aeabi_memclr4                          0x08000d59   Thumb Code     0  rt_memclr_w.o(.text)
    __aeabi_memclr8                          0x08000d59   Thumb Code     0  rt_memclr_w.o(.text)
    __rt_memclr_w                            0x08000d59   Thumb Code    78  rt_memclr_w.o(.text)
    _memset_w                                0x08000d5d   Thumb Code     0  rt_memclr_w.o(.text)
    __user_libspace                          0x08000da9   Thumb Code     8  libspace.o(.text)
    __user_perproc_libspace                  0x08000da9   Thumb Code     0  libspace.o(.text)
    __user_perthread_libspace                0x08000da9   Thumb Code     0  libspace.o(.text)
    __user_setup_stackheap                   0x08000db1   Thumb Code    74  sys_stackheap_outer.o(.text)
    exit                                     0x08000dfb   Thumb Code    18  exit.o(.text)
    strcmp                                   0x08000e0d   Thumb Code   128  strcmpv7m.o(.text)
    _btod_d2e                                0x08000e8d   Thumb Code    62  btod.o(CL$$btod_d2e)
    _d2e_denorm_low                          0x08000ecb   Thumb Code    70  btod.o(CL$$btod_d2e_denorm_low)
    _d2e_norm_op1                            0x08000f11   Thumb Code    96  btod.o(CL$$btod_d2e_norm_op1)
    __btod_div_common                        0x08000f71   Thumb Code   696  btod.o(CL$$btod_div_common)
    _e2e                                     0x080012a9   Thumb Code   220  btod.o(CL$$btod_e2e)
    _btod_ediv                               0x08001385   Thumb Code    42  btod.o(CL$$btod_ediv)
    _btod_emul                               0x080013af   Thumb Code    42  btod.o(CL$$btod_emul)
    __btod_mult_common                       0x080013d9   Thumb Code   580  btod.o(CL$$btod_mult_common)
    BusFault_Handler                         0x0800161d   Thumb Code     2  stm32f10x_it.o(i.BusFault_Handler)
    DebugMon_Handler                         0x0800161f   Thumb Code     2  stm32f10x_it.o(i.DebugMon_Handler)
    GPIO_Init                                0x08001621   Thumb Code   156  stm32f10x_gpio.o(i.GPIO_Init)
    GPIO_ResetBits                           0x080016bd   Thumb Code     4  stm32f10x_gpio.o(i.GPIO_ResetBits)
    GPIO_SetBits                             0x080016c1   Thumb Code     4  stm32f10x_gpio.o(i.GPIO_SetBits)
    HardFault_Handler                        0x080016c5   Thumb Code     2  stm32f10x_it.o(i.HardFault_Handler)
    LED_Init                                 0x080016c9   Thumb Code    70  user_led.o(i.LED_Init)
    MemManage_Handler                        0x08001719   Thumb Code     2  stm32f10x_it.o(i.MemManage_Handler)
    NMI_Handler                              0x0800171b   Thumb Code     2  stm32f10x_it.o(i.NMI_Handler)
    NVIC_Init                                0x0800171d   Thumb Code    94  misc.o(i.NVIC_Init)
    NVIC_PriorityGroupConfig                 0x08001781   Thumb Code    10  misc.o(i.NVIC_PriorityGroupConfig)
    RCC_APB2PeriphClockCmd                   0x08001795   Thumb Code    18  stm32f10x_rcc.o(i.RCC_APB2PeriphClockCmd)
    RCC_GetClocksFreq                        0x080017ad   Thumb Code   132  stm32f10x_rcc.o(i.RCC_GetClocksFreq)
    SysTick_CLKSourceConfig                  0x080018e9   Thumb Code    24  misc.o(i.SysTick_CLKSourceConfig)
    SysTick_Handler                          0x08001901   Thumb Code    20  delay.o(i.SysTick_Handler)
    SystemInit                               0x08001915   Thumb Code    64  system_stm32f10x.o(i.SystemInit)
    USART1_IRQHandler                        0x08001965   Thumb Code    88  usart.o(i.USART1_IRQHandler)
    USART_Cmd                                0x080019c9   Thumb Code    20  stm32f10x_usart.o(i.USART_Cmd)
    USART_GetITStatus                        0x080019dd   Thumb Code    62  stm32f10x_usart.o(i.USART_GetITStatus)
    USART_ITConfig                           0x08001a1b   Thumb Code    48  stm32f10x_usart.o(i.USART_ITConfig)
    USART_Init                               0x08001a4d   Thumb Code   166  stm32f10x_usart.o(i.USART_Init)
    USART_ReceiveData                        0x08001af9   Thumb Code     8  stm32f10x_usart.o(i.USART_ReceiveData)
    UsageFault_Handler                       0x08001b01   Thumb Code     2  stm32f10x_it.o(i.UsageFault_Handler)
    __ARM_fpclassify                         0x08001b03   Thumb Code    40  fpclassify.o(i.__ARM_fpclassify)
    _is_digit                                0x08001b2b   Thumb Code    14  __printf_wp.o(i._is_digit)
    _sys_exit                                0x08001b39   Thumb Code     2  usart.o(i._sys_exit)
    delay_init                               0x08001b3d   Thumb Code    60  delay.o(i.delay_init)
    float_task                               0x08001b85   Thumb Code    50  main.o(i.float_task)
    fputc                                    0x08001bd9   Thumb Code    18  usart.o(i.fputc)
    led0_task                                0x08001bf1   Thumb Code    36  main.o(i.led0_task)
    led1_task                                0x08001c19   Thumb Code    36  main.o(i.led1_task)
    main                                     0x08001c41   Thumb Code    54  main.o(i.main)
    pvPortMalloc                             0x080024f1   Thumb Code   214  heap_4.o(i.pvPortMalloc)
    pvTaskIncrementMutexHeldCount            0x08002605   Thumb Code    18  tasks.o(i.pvTaskIncrementMutexHeldCount)
    pxPortInitialiseStack                    0x0800261d   Thumb Code    32  port.o(i.pxPortInitialiseStack)
    start_task                               0x08002641   Thumb Code    88  main.o(i.start_task)
    uart_init                                0x080026cd   Thumb Code   152  usart.o(i.uart_init)
    uxListRemove                             0x0800276d   Thumb Code    36  list.o(i.uxListRemove)
    vListInitialise                          0x08002791   Thumb Code    22  list.o(i.vListInitialise)
    vListInitialiseItem                      0x080027a7   Thumb Code     6  list.o(i.vListInitialiseItem)
    vListInsert                              0x080027ad   Thumb Code    48  list.o(i.vListInsert)
    vListInsertEnd                           0x080027dd   Thumb Code    24  list.o(i.vListInsertEnd)
    vPortEnterCritical                       0x080027f5   Thumb Code    50  port.o(i.vPortEnterCritical)
    vPortExitCritical                        0x0800286d   Thumb Code    34  port.o(i.vPortExitCritical)
    vPortFree                                0x080028d1   Thumb Code    94  heap_4.o(i.vPortFree)
    vPortSetupTimerInterrupt                 0x0800296d   Thumb Code    26  port.o(i.vPortSetupTimerInterrupt)
    vPortValidateInterruptPriority           0x0800298d   Thumb Code    70  port.o(i.vPortValidateInterruptPriority)
    vQueueAddToRegistry                      0x08002a19   Thumb Code    32  queue.o(i.vQueueAddToRegistry)
    vQueueWaitForMessageRestricted           0x08002a3d   Thumb Code    68  queue.o(i.vQueueWaitForMessageRestricted)
    vTaskDelay                               0x08002a81   Thumb Code    62  tasks.o(i.vTaskDelay)
    vTaskDelete                              0x08002aed   Thumb Code   152  tasks.o(i.vTaskDelete)
    vTaskMissedYield                         0x08002bb9   Thumb Code     8  tasks.o(i.vTaskMissedYield)
    vTaskPlaceOnEventList                    0x08002bc5   Thumb Code    44  tasks.o(i.vTaskPlaceOnEventList)
    vTaskPlaceOnEventListRestricted          0x08002c19   Thumb Code    52  tasks.o(i.vTaskPlaceOnEventListRestricted)
    vTaskPriorityInherit                     0x08002c75   Thumb Code   124  tasks.o(i.vTaskPriorityInherit)
    vTaskSetTimeOutState                     0x08002cf9   Thumb Code    30  tasks.o(i.vTaskSetTimeOutState)
    vTaskStartScheduler                      0x08002d41   Thumb Code    96  tasks.o(i.vTaskStartScheduler)
    vTaskSuspendAll                          0x08002dd5   Thumb Code    10  tasks.o(i.vTaskSuspendAll)
    vTaskSwitchContext                       0x08002de5   Thumb Code    80  tasks.o(i.vTaskSwitchContext)
    xPortStartScheduler                      0x08002e61   Thumb Code   108  port.o(i.xPortStartScheduler)
    xPortSysTickHandler                      0x08002ed9   Thumb Code    38  port.o(i.xPortSysTickHandler)
    xQueueGenericCreate                      0x08002f05   Thumb Code    82  queue.o(i.xQueueGenericCreate)
    xQueueGenericReceive                     0x08002f7d   Thumb Code   348  queue.o(i.xQueueGenericReceive)
    xQueueGenericReset                       0x08003101   Thumb Code   128  queue.o(i.xQueueGenericReset)
    xQueueGenericSend                        0x080031a9   Thumb Code   350  queue.o(i.xQueueGenericSend)
    xQueueGenericSendFromISR                 0x08003331   Thumb Code   188  queue.o(i.xQueueGenericSendFromISR)
    xTaskCheckForTimeOut                     0x08003411   Thumb Code    94  tasks.o(i.xTaskCheckForTimeOut)
    xTaskCreate                              0x08003499   Thumb Code    86  tasks.o(i.xTaskCreate)
    xTaskGetSchedulerState                   0x080034f1   Thumb Code    22  tasks.o(i.xTaskGetSchedulerState)
    xTaskGetTickCount                        0x0800350d   Thumb Code     6  tasks.o(i.xTaskGetTickCount)
    xTaskIncrementTick                       0x08003519   Thumb Code   188  tasks.o(i.xTaskIncrementTick)
    xTaskPriorityDisinherit                  0x08003601   Thumb Code   136  tasks.o(i.xTaskPriorityDisinherit)
    xTaskRemoveFromEventList                 0x080036b5   Thumb Code   102  tasks.o(i.xTaskRemoveFromEventList)
    xTaskResumeAll                           0x0800374d   Thumb Code   180  tasks.o(i.xTaskResumeAll)
    xTimerCreate                             0x08003831   Thumb Code    74  timers.o(i.xTimerCreate)
    xTimerCreateTimerTask                    0x080038a5   Thumb Code    58  timers.o(i.xTimerCreateTimerTask)
    xTimerGenericCommand                     0x08003919   Thumb Code    98  timers.o(i.xTimerGenericCommand)
    _get_lc_numeric                          0x080039a9   Thumb Code    44  lc_numeric_c.o(locale$$code)
    __fpl_dretinf                            0x080039d5   Thumb Code    12  dretinf.o(x$fpl$dretinf)
    __aeabi_f2d                              0x080039e1   Thumb Code     0  f2d.o(x$fpl$f2d)
    _f2d                                     0x080039e1   Thumb Code    86  f2d.o(x$fpl$f2d)
    __aeabi_fadd                             0x08003a39   Thumb Code     0  faddsub_clz.o(x$fpl$fadd)
    _fadd                                    0x08003a39   Thumb Code   196  faddsub_clz.o(x$fpl$fadd)
    __fpl_fnaninf                            0x08003afd   Thumb Code   140  fnaninf.o(x$fpl$fnaninf)
    __fpl_fretinf                            0x08003b89   Thumb Code    10  fretinf.o(x$fpl$fretinf)
    __aeabi_fsub                             0x08003b95   Thumb Code     0  faddsub_clz.o(x$fpl$fsub)
    _fsub                                    0x08003b95   Thumb Code   234  faddsub_clz.o(x$fpl$fsub)
    _printf_fp_dec                           0x08003c7f   Thumb Code     4  printf1.o(x$fpl$printf1)
    __I$use$fp                               0x08003c82   Number         0  usenofp.o(x$fpl$usenofp)
    Region$$Table$$Base                      0x08003d18   Number         0  anon$$obj.o(Region$$Table)
    Region$$Table$$Limit                     0x08003d38   Number         0  anon$$obj.o(Region$$Table)
    USART_RX_STA                             0x20000018   Data           2  usart.o(.data)
    __stdout                                 0x2000001c   Data           4  usart.o(.data)
    StartTask_Handler                        0x20000024   Data           4  main.o(.data)
    LED0Task_Handler                         0x20000028   Data           4  main.o(.data)
    LED1Task_Handler                         0x2000002c   Data           4  main.o(.data)
    FLOAT_Task_Handler                       0x20000030   Data           4  main.o(.data)
    SystemCoreClock                          0x20000034   Data           4  system_stm32f10x.o(.data)
    AHBPrescTable                            0x20000038   Data          16  system_stm32f10x.o(.data)
    pxCurrentTCB                             0x20000048   Data           4  tasks.o(.data)
    USART_RX_BUF                             0x200000bc   Data         200  usart.o(.bss)
    xQueueRegistry                           0x20000184   Data          64  queue.o(.bss)
    __libspace_start                         0x200054d0   Data          96  libspace.o(.bss)
    __temporary_stack_top$libspace           0x20005530   Data           0  libspace.o(.bss)



==============================================================================

Memory Map of the image

  Image Entry point : 0x08000131

  Load Region LR_IROM1 (Base: 0x08000000, Size: 0x00003e10, Max: 0x00080000, ABSOLUTE)

    Execution Region ER_IROM1 (Exec base: 0x08000000, Load base: 0x08000000, Size: 0x00003d54, Max: 0x00080000, ABSOLUTE)

    Exec Addr    Load Addr    Size         Type   Attr      Idx    E Section Name        Object

    0x08000000   0x08000000   0x00000130   Data   RO           19    RESET               startup_stm32f10x_hd.o
    0x08000130   0x08000130   0x00000008   Code   RO         4403  * !!!main             c_w.l(__main.o)
    0x08000138   0x08000138   0x00000034   Code   RO         4643    !!!scatter          c_w.l(__scatter.o)
    0x0800016c   0x0800016c   0x0000001a   Code   RO         4645    !!handler_copy      c_w.l(__scatter_copy.o)
    0x08000186   0x08000186   0x00000002   PAD
    0x08000188   0x08000188   0x0000001c   Code   RO         4647    !!handler_zi        c_w.l(__scatter_zi.o)
    0x080001a4   0x080001a4   0x00000000   Code   RO         4392    .ARM.Collect$$_printf_percent$$00000000  c_w.l(_printf_percent.o)
    0x080001a4   0x080001a4   0x00000006   Code   RO         4391    .ARM.Collect$$_printf_percent$$00000003  c_w.l(_printf_f.o)
    0x080001aa   0x080001aa   0x00000006   Code   RO         4389    .ARM.Collect$$_printf_percent$$00000009  c_w.l(_printf_d.o)
    0x080001b0   0x080001b0   0x00000006   Code   RO         4388    .ARM.Collect$$_printf_percent$$00000014  c_w.l(_printf_s.o)
    0x080001b6   0x080001b6   0x00000004   Code   RO         4430    .ARM.Collect$$_printf_percent$$00000017  c_w.l(_printf_percent_end.o)
    0x080001ba   0x080001ba   0x00000002   Code   RO         4520    .ARM.Collect$$libinit$$00000000  c_w.l(libinit.o)
    0x080001bc   0x080001bc   0x00000000   Code   RO         4522    .ARM.Collect$$libinit$$00000002  c_w.l(libinit2.o)
    0x080001bc   0x080001bc   0x00000000   Code   RO         4524    .ARM.Collect$$libinit$$00000004  c_w.l(libinit2.o)
    0x080001bc   0x080001bc   0x00000000   Code   RO         4527    .ARM.Collect$$libinit$$0000000A  c_w.l(libinit2.o)
    0x080001bc   0x080001bc   0x00000000   Code   RO         4529    .ARM.Collect$$libinit$$0000000C  c_w.l(libinit2.o)
    0x080001bc   0x080001bc   0x00000000   Code   RO         4531    .ARM.Collect$$libinit$$0000000E  c_w.l(libinit2.o)
    0x080001bc   0x080001bc   0x00000006   Code   RO         4532    .ARM.Collect$$libinit$$0000000F  c_w.l(libinit2.o)
    0x080001c2   0x080001c2   0x00000000   Code   RO         4534    .ARM.Collect$$libinit$$00000011  c_w.l(libinit2.o)
    0x080001c2   0x080001c2   0x00000000   Code   RO         4536    .ARM.Collect$$libinit$$00000013  c_w.l(libinit2.o)
    0x080001c2   0x080001c2   0x00000000   Code   RO         4538    .ARM.Collect$$libinit$$00000015  c_w.l(libinit2.o)
    0x080001c2   0x080001c2   0x0000000a   Code   RO         4539    .ARM.Collect$$libinit$$00000016  c_w.l(libinit2.o)
    0x080001cc   0x080001cc   0x00000000   Code   RO         4540    .ARM.Collect$$libinit$$00000017  c_w.l(libinit2.o)
    0x080001cc   0x080001cc   0x00000000   Code   RO         4542    .ARM.Collect$$libinit$$00000019  c_w.l(libinit2.o)
    0x080001cc   0x080001cc   0x00000000   Code   RO         4544    .ARM.Collect$$libinit$$0000001B  c_w.l(libinit2.o)
    0x080001cc   0x080001cc   0x00000000   Code   RO         4546    .ARM.Collect$$libinit$$0000001D  c_w.l(libinit2.o)
    0x080001cc   0x080001cc   0x00000000   Code   RO         4548    .ARM.Collect$$libinit$$0000001F  c_w.l(libinit2.o)
    0x080001cc   0x080001cc   0x00000000   Code   RO         4550    .ARM.Collect$$libinit$$00000021  c_w.l(libinit2.o)
    0x080001cc   0x080001cc   0x00000000   Code   RO         4552    .ARM.Collect$$libinit$$00000023  c_w.l(libinit2.o)
    0x080001cc   0x080001cc   0x00000000   Code   RO         4554    .ARM.Collect$$libinit$$00000025  c_w.l(libinit2.o)
    0x080001cc   0x080001cc   0x00000000   Code   RO         4558    .ARM.Collect$$libinit$$0000002C  c_w.l(libinit2.o)
    0x080001cc   0x080001cc   0x00000000   Code   RO         4560    .ARM.Collect$$libinit$$0000002E  c_w.l(libinit2.o)
    0x080001cc   0x080001cc   0x00000000   Code   RO         4562    .ARM.Collect$$libinit$$00000030  c_w.l(libinit2.o)
    0x080001cc   0x080001cc   0x00000000   Code   RO         4564    .ARM.Collect$$libinit$$00000032  c_w.l(libinit2.o)
    0x080001cc   0x080001cc   0x00000002   Code   RO         4565    .ARM.Collect$$libinit$$00000033  c_w.l(libinit2.o)
    0x080001ce   0x080001ce   0x00000002   Code   RO         4593    .ARM.Collect$$libshutdown$$00000000  c_w.l(libshutdown.o)
    0x080001d0   0x080001d0   0x00000000   Code   RO         4602    .ARM.Collect$$libshutdown$$00000002  c_w.l(libshutdown2.o)
    0x080001d0   0x080001d0   0x00000000   Code   RO         4604    .ARM.Collect$$libshutdown$$00000004  c_w.l(libshutdown2.o)
    0x080001d0   0x080001d0   0x00000000   Code   RO         4607    .ARM.Collect$$libshutdown$$00000007  c_w.l(libshutdown2.o)
    0x080001d0   0x080001d0   0x00000000   Code   RO         4610    .ARM.Collect$$libshutdown$$0000000A  c_w.l(libshutdown2.o)
    0x080001d0   0x080001d0   0x00000000   Code   RO         4612    .ARM.Collect$$libshutdown$$0000000C  c_w.l(libshutdown2.o)
    0x080001d0   0x080001d0   0x00000000   Code   RO         4615    .ARM.Collect$$libshutdown$$0000000F  c_w.l(libshutdown2.o)
    0x080001d0   0x080001d0   0x00000002   Code   RO         4616    .ARM.Collect$$libshutdown$$00000010  c_w.l(libshutdown2.o)
    0x080001d2   0x080001d2   0x00000000   Code   RO         4417    .ARM.Collect$$rtentry$$00000000  c_w.l(__rtentry.o)
    0x080001d2   0x080001d2   0x00000000   Code   RO         4443    .ARM.Collect$$rtentry$$00000002  c_w.l(__rtentry2.o)
    0x080001d2   0x080001d2   0x00000006   Code   RO         4455    .ARM.Collect$$rtentry$$00000004  c_w.l(__rtentry4.o)
    0x080001d8   0x080001d8   0x00000000   Code   RO         4445    .ARM.Collect$$rtentry$$00000009  c_w.l(__rtentry2.o)
    0x080001d8   0x080001d8   0x00000004   Code   RO         4446    .ARM.Collect$$rtentry$$0000000A  c_w.l(__rtentry2.o)
    0x080001dc   0x080001dc   0x00000000   Code   RO         4448    .ARM.Collect$$rtentry$$0000000C  c_w.l(__rtentry2.o)
    0x080001dc   0x080001dc   0x00000008   Code   RO         4449    .ARM.Collect$$rtentry$$0000000D  c_w.l(__rtentry2.o)
    0x080001e4   0x080001e4   0x00000002   Code   RO         4566    .ARM.Collect$$rtexit$$00000000  c_w.l(rtexit.o)
    0x080001e6   0x080001e6   0x00000000   Code   RO         4573    .ARM.Collect$$rtexit$$00000002  c_w.l(rtexit2.o)
    0x080001e6   0x080001e6   0x00000004   Code   RO         4574    .ARM.Collect$$rtexit$$00000003  c_w.l(rtexit2.o)
    0x080001ea   0x080001ea   0x00000006   Code   RO         4575    .ARM.Collect$$rtexit$$00000004  c_w.l(rtexit2.o)
    0x080001f0   0x080001f0   0x00000096   Code   RO         4268    .emb_text           port.o
    0x08000286   0x08000286   0x00000002   PAD
    0x08000288   0x08000288   0x00000040   Code   RO           20    .text               startup_stm32f10x_hd.o
    0x080002c8   0x080002c8   0x00000002   Code   RO         4351    .text               c_w.l(use_no_semi_2.o)
    0x080002ca   0x080002ca   0x00000002   PAD
    0x080002cc   0x080002cc   0x00000018   Code   RO         4357    .text               c_w.l(noretval__2printf.o)
    0x080002e4   0x080002e4   0x00000052   Code   RO         4363    .text               c_w.l(_printf_str.o)
    0x08000336   0x08000336   0x00000002   PAD
    0x08000338   0x08000338   0x00000078   Code   RO         4365    .text               c_w.l(_printf_dec.o)
    0x080003b0   0x080003b0   0x0000010e   Code   RO         4375    .text               c_w.l(__printf_wp.o)
    0x080004be   0x080004be   0x0000008a   Code   RO         4397    .text               c_w.l(rt_memcpy_v6.o)
    0x08000548   0x08000548   0x00000010   Code   RO         4399    .text               c_w.l(aeabi_memset.o)
    0x08000558   0x08000558   0x00000006   Code   RO         4401    .text               c_w.l(heapauxi.o)
    0x0800055e   0x0800055e   0x00000002   Code   RO         4415    .text               c_w.l(use_no_semi.o)
    0x08000560   0x08000560   0x000000b2   Code   RO         4418    .text               c_w.l(_printf_intcommon.o)
    0x08000612   0x08000612   0x0000041e   Code   RO         4420    .text               c_w.l(_printf_fp_dec.o)
    0x08000a30   0x08000a30   0x00000030   Code   RO         4422    .text               c_w.l(_printf_char_common.o)
    0x08000a60   0x08000a60   0x0000002c   Code   RO         4426    .text               c_w.l(_printf_char.o)
    0x08000a8c   0x08000a8c   0x00000024   Code   RO         4428    .text               c_w.l(_printf_char_file.o)
    0x08000ab0   0x08000ab0   0x00000064   Code   RO         4431    .text               c_w.l(rt_memcpy_w.o)
    0x08000b14   0x08000b14   0x00000044   Code   RO         4433    .text               c_w.l(rt_memclr.o)
    0x08000b58   0x08000b58   0x00000008   Code   RO         4460    .text               c_w.l(rt_locale_intlibspace.o)
    0x08000b60   0x08000b60   0x0000008a   Code   RO         4462    .text               c_w.l(lludiv10.o)
    0x08000bea   0x08000bea   0x00000002   PAD
    0x08000bec   0x08000bec   0x00000080   Code   RO         4464    .text               c_w.l(_printf_fp_infnan.o)
    0x08000c6c   0x08000c6c   0x000000e4   Code   RO         4468    .text               c_w.l(bigflt0.o)
    0x08000d50   0x08000d50   0x00000008   Code   RO         4493    .text               c_w.l(ferror.o)
    0x08000d58   0x08000d58   0x0000004e   Code   RO         4500    .text               c_w.l(rt_memclr_w.o)
    0x08000da6   0x08000da6   0x00000002   PAD
    0x08000da8   0x08000da8   0x00000008   Code   RO         4506    .text               c_w.l(libspace.o)
    0x08000db0   0x08000db0   0x0000004a   Code   RO         4509    .text               c_w.l(sys_stackheap_outer.o)
    0x08000dfa   0x08000dfa   0x00000012   Code   RO         4511    .text               c_w.l(exit.o)
    0x08000e0c   0x08000e0c   0x00000080   Code   RO         4513    .text               c_w.l(strcmpv7m.o)
    0x08000e8c   0x08000e8c   0x0000003e   Code   RO         4471    CL$$btod_d2e        c_w.l(btod.o)
    0x08000eca   0x08000eca   0x00000046   Code   RO         4473    CL$$btod_d2e_denorm_low  c_w.l(btod.o)
    0x08000f10   0x08000f10   0x00000060   Code   RO         4472    CL$$btod_d2e_norm_op1  c_w.l(btod.o)
    0x08000f70   0x08000f70   0x00000338   Code   RO         4481    CL$$btod_div_common  c_w.l(btod.o)
    0x080012a8   0x080012a8   0x000000dc   Code   RO         4478    CL$$btod_e2e        c_w.l(btod.o)
    0x08001384   0x08001384   0x0000002a   Code   RO         4475    CL$$btod_ediv       c_w.l(btod.o)
    0x080013ae   0x080013ae   0x0000002a   Code   RO         4474    CL$$btod_emul       c_w.l(btod.o)
    0x080013d8   0x080013d8   0x00000244   Code   RO         4480    CL$$btod_mult_common  c_w.l(btod.o)
    0x0800161c   0x0800161c   0x00000002   Code   RO         3263    i.BusFault_Handler  stm32f10x_it.o
    0x0800161e   0x0800161e   0x00000002   Code   RO         3264    i.DebugMon_Handler  stm32f10x_it.o
    0x08001620   0x08001620   0x0000009c   Code   RO         1256    i.GPIO_Init         stm32f10x_gpio.o
    0x080016bc   0x080016bc   0x00000004   Code   RO         1263    i.GPIO_ResetBits    stm32f10x_gpio.o
    0x080016c0   0x080016c0   0x00000004   Code   RO         1264    i.GPIO_SetBits      stm32f10x_gpio.o
    0x080016c4   0x080016c4   0x00000002   Code   RO         3265    i.HardFault_Handler  stm32f10x_it.o
    0x080016c6   0x080016c6   0x00000002   PAD
    0x080016c8   0x080016c8   0x00000050   Code   RO         3337    i.LED_Init          user_led.o
    0x08001718   0x08001718   0x00000002   Code   RO         3266    i.MemManage_Handler  stm32f10x_it.o
    0x0800171a   0x0800171a   0x00000002   Code   RO         3267    i.NMI_Handler       stm32f10x_it.o
    0x0800171c   0x0800171c   0x00000064   Code   RO           24    i.NVIC_Init         misc.o
    0x08001780   0x08001780   0x00000014   Code   RO           25    i.NVIC_PriorityGroupConfig  misc.o
    0x08001794   0x08001794   0x00000018   Code   RO         1674    i.RCC_APB2PeriphClockCmd  stm32f10x_rcc.o
    0x080017ac   0x080017ac   0x00000094   Code   RO         1682    i.RCC_GetClocksFreq  stm32f10x_rcc.o
    0x08001840   0x08001840   0x000000a8   Code   RO         3308    i.SetSysClockTo72   system_stm32f10x.o
    0x080018e8   0x080018e8   0x00000018   Code   RO           28    i.SysTick_CLKSourceConfig  misc.o
    0x08001900   0x08001900   0x00000014   Code   RO         3056    i.SysTick_Handler   delay.o
    0x08001914   0x08001914   0x00000050   Code   RO         3310    i.SystemInit        system_stm32f10x.o
    0x08001964   0x08001964   0x00000064   Code   RO         3166    i.USART1_IRQHandler  usart.o
    0x080019c8   0x080019c8   0x00000014   Code   RO         2826    i.USART_Cmd         stm32f10x_usart.o
    0x080019dc   0x080019dc   0x0000003e   Code   RO         2830    i.USART_GetITStatus  stm32f10x_usart.o
    0x08001a1a   0x08001a1a   0x00000030   Code   RO         2832    i.USART_ITConfig    stm32f10x_usart.o
    0x08001a4a   0x08001a4a   0x00000002   PAD
    0x08001a4c   0x08001a4c   0x000000ac   Code   RO         2833    i.USART_Init        stm32f10x_usart.o
    0x08001af8   0x08001af8   0x00000008   Code   RO         2840    i.USART_ReceiveData  stm32f10x_usart.o
    0x08001b00   0x08001b00   0x00000002   Code   RO         3268    i.UsageFault_Handler  stm32f10x_it.o
    0x08001b02   0x08001b02   0x00000028   Code   RO         4504    i.__ARM_fpclassify  m_ws.l(fpclassify.o)
    0x08001b2a   0x08001b2a   0x0000000e   Code   RO         4377    i._is_digit         c_w.l(__printf_wp.o)
    0x08001b38   0x08001b38   0x00000002   Code   RO         3167    i._sys_exit         usart.o
    0x08001b3a   0x08001b3a   0x00000002   PAD
    0x08001b3c   0x08001b3c   0x00000048   Code   RO         3057    i.delay_init        delay.o
    0x08001b84   0x08001b84   0x00000054   Code   RO         3214    i.float_task        main.o
    0x08001bd8   0x08001bd8   0x00000018   Code   RO         3168    i.fputc             usart.o
    0x08001bf0   0x08001bf0   0x00000028   Code   RO         3215    i.led0_task         main.o
    0x08001c18   0x08001c18   0x00000028   Code   RO         3216    i.led1_task         main.o
    0x08001c40   0x08001c40   0x0000004c   Code   RO         3217    i.main              main.o
    0x08001c8c   0x08001c8c   0x00000070   Code   RO         3742    i.prvAddCurrentTaskToDelayedList  tasks.o
    0x08001cfc   0x08001cfc   0x000000d0   Code   RO         3743    i.prvAddNewTaskToReadyList  tasks.o
    0x08001dcc   0x08001dcc   0x00000050   Code   RO         4091    i.prvCheckForValidListAndQueue  timers.o
    0x08001e1c   0x08001e1c   0x00000054   Code   RO         3744    i.prvCheckTasksWaitingTermination  tasks.o
    0x08001e70   0x08001e70   0x00000026   Code   RO         3517    i.prvCopyDataFromQueue  queue.o
    0x08001e96   0x08001e96   0x0000006c   Code   RO         3518    i.prvCopyDataToQueue  queue.o
    0x08001f02   0x08001f02   0x00000014   Code   RO         3745    i.prvDeleteTCB      tasks.o
    0x08001f16   0x08001f16   0x00000002   PAD
    0x08001f18   0x08001f18   0x0000004c   Code   RO         4215    i.prvHeapInit       heap_4.o
    0x08001f64   0x08001f64   0x00000028   Code   RO         3746    i.prvIdleTask       tasks.o
    0x08001f8c   0x08001f8c   0x000000c0   Code   RO         3747    i.prvInitialiseNewTask  tasks.o
    0x0800204c   0x0800204c   0x0000004c   Code   RO         4216    i.prvInsertBlockIntoFreeList  heap_4.o
    0x08002098   0x08002098   0x00000038   Code   RO         4092    i.prvInsertTimerInActiveList  timers.o
    0x080020d0   0x080020d0   0x0000001a   Code   RO         3519    i.prvIsQueueEmpty   queue.o
    0x080020ea   0x080020ea   0x00000002   PAD
    0x080020ec   0x080020ec   0x00000090   Code   RO         3520    i.prvNotifyQueueSetContainer  queue.o
    0x0800217c   0x0800217c   0x00000060   Code   RO         4093    i.prvProcessExpiredTimer  timers.o
    0x080021dc   0x080021dc   0x000000f0   Code   RO         4094    i.prvProcessReceivedCommands  timers.o
    0x080022cc   0x080022cc   0x0000006c   Code   RO         4095    i.prvProcessTimerOrBlockTask  timers.o
    0x08002338   0x08002338   0x00000020   Code   RO         3749    i.prvResetNextTaskUnblockTime  tasks.o
    0x08002358   0x08002358   0x00000028   Code   RO         4096    i.prvSampleTimeNow  timers.o
    0x08002380   0x08002380   0x0000006c   Code   RO         4097    i.prvSwitchTimerLists  timers.o
    0x080023ec   0x080023ec   0x00000064   Code   RO         4269    i.prvTaskExitError  port.o
    0x08002450   0x08002450   0x00000028   Code   RO         4098    i.prvTimerTask      timers.o
    0x08002478   0x08002478   0x00000078   Code   RO         3521    i.prvUnlockQueue    queue.o
    0x080024f0   0x080024f0   0x00000114   Code   RO         4217    i.pvPortMalloc      heap_4.o
    0x08002604   0x08002604   0x00000018   Code   RO         3751    i.pvTaskIncrementMutexHeldCount  tasks.o
    0x0800261c   0x0800261c   0x00000024   Code   RO         4270    i.pxPortInitialiseStack  port.o
    0x08002640   0x08002640   0x0000008c   Code   RO         3218    i.start_task        main.o
    0x080026cc   0x080026cc   0x000000a0   Code   RO         3169    i.uart_init         usart.o
    0x0800276c   0x0800276c   0x00000024   Code   RO         3476    i.uxListRemove      list.o
    0x08002790   0x08002790   0x00000016   Code   RO         3477    i.vListInitialise   list.o
    0x080027a6   0x080027a6   0x00000006   Code   RO         3478    i.vListInitialiseItem  list.o
    0x080027ac   0x080027ac   0x00000030   Code   RO         3479    i.vListInsert       list.o
    0x080027dc   0x080027dc   0x00000018   Code   RO         3480    i.vListInsertEnd    list.o
    0x080027f4   0x080027f4   0x00000078   Code   RO         4272    i.vPortEnterCritical  port.o
    0x0800286c   0x0800286c   0x00000064   Code   RO         4273    i.vPortExitCritical  port.o
    0x080028d0   0x080028d0   0x0000009c   Code   RO         4218    i.vPortFree         heap_4.o
    0x0800296c   0x0800296c   0x00000020   Code   RO         4274    i.vPortSetupTimerInterrupt  port.o
    0x0800298c   0x0800298c   0x0000008c   Code   RO         4275    i.vPortValidateInterruptPriority  port.o
    0x08002a18   0x08002a18   0x00000024   Code   RO         3527    i.vQueueAddToRegistry  queue.o
    0x08002a3c   0x08002a3c   0x00000044   Code   RO         3531    i.vQueueWaitForMessageRestricted  queue.o
    0x08002a80   0x08002a80   0x0000006c   Code   RO         3759    i.vTaskDelay        tasks.o
    0x08002aec   0x08002aec   0x000000cc   Code   RO         3761    i.vTaskDelete       tasks.o
    0x08002bb8   0x08002bb8   0x0000000c   Code   RO         3765    i.vTaskMissedYield  tasks.o
    0x08002bc4   0x08002bc4   0x00000054   Code   RO         3767    i.vTaskPlaceOnEventList  tasks.o
    0x08002c18   0x08002c18   0x0000005c   Code   RO         3768    i.vTaskPlaceOnEventListRestricted  tasks.o
    0x08002c74   0x08002c74   0x00000084   Code   RO         3770    i.vTaskPriorityInherit  tasks.o
    0x08002cf8   0x08002cf8   0x00000048   Code   RO         3774    i.vTaskSetTimeOutState  tasks.o
    0x08002d40   0x08002d40   0x00000094   Code   RO         3775    i.vTaskStartScheduler  tasks.o
    0x08002dd4   0x08002dd4   0x00000010   Code   RO         3777    i.vTaskSuspendAll   tasks.o
    0x08002de4   0x08002de4   0x0000007c   Code   RO         3778    i.vTaskSwitchContext  tasks.o
    0x08002e60   0x08002e60   0x00000078   Code   RO         4276    i.xPortStartScheduler  port.o
    0x08002ed8   0x08002ed8   0x0000002c   Code   RO         4277    i.xPortSysTickHandler  port.o
    0x08002f04   0x08002f04   0x00000078   Code   RO         3536    i.xQueueGenericCreate  queue.o
    0x08002f7c   0x08002f7c   0x00000184   Code   RO         3537    i.xQueueGenericReceive  queue.o
    0x08003100   0x08003100   0x000000a8   Code   RO         3538    i.xQueueGenericReset  queue.o
    0x080031a8   0x080031a8   0x00000188   Code   RO         3539    i.xQueueGenericSend  queue.o
    0x08003330   0x08003330   0x000000e0   Code   RO         3540    i.xQueueGenericSendFromISR  queue.o
    0x08003410   0x08003410   0x00000088   Code   RO         3779    i.xTaskCheckForTimeOut  tasks.o
    0x08003498   0x08003498   0x00000056   Code   RO         3780    i.xTaskCreate       tasks.o
    0x080034ee   0x080034ee   0x00000002   PAD
    0x080034f0   0x080034f0   0x0000001c   Code   RO         3784    i.xTaskGetSchedulerState  tasks.o
    0x0800350c   0x0800350c   0x0000000c   Code   RO         3785    i.xTaskGetTickCount  tasks.o
    0x08003518   0x08003518   0x000000e8   Code   RO         3787    i.xTaskIncrementTick  tasks.o
    0x08003600   0x08003600   0x000000b4   Code   RO         3790    i.xTaskPriorityDisinherit  tasks.o
    0x080036b4   0x080036b4   0x00000098   Code   RO         3791    i.xTaskRemoveFromEventList  tasks.o
    0x0800374c   0x0800374c   0x000000e4   Code   RO         3793    i.xTaskResumeAll    tasks.o
    0x08003830   0x08003830   0x00000074   Code   RO         4101    i.xTimerCreate      timers.o
    0x080038a4   0x080038a4   0x00000074   Code   RO         4102    i.xTimerCreateTimerTask  timers.o
    0x08003918   0x08003918   0x00000090   Code   RO         4103    i.xTimerGenericCommand  timers.o
    0x080039a8   0x080039a8   0x0000002c   Code   RO         4498    locale$$code        c_w.l(lc_numeric_c.o)
    0x080039d4   0x080039d4   0x0000000c   Code   RO         4435    x$fpl$dretinf       fz_ws.l(dretinf.o)
    0x080039e0   0x080039e0   0x00000056   Code   RO         4405    x$fpl$f2d           fz_ws.l(f2d.o)
    0x08003a36   0x08003a36   0x00000002   PAD
    0x08003a38   0x08003a38   0x000000c4   Code   RO         4407    x$fpl$fadd          fz_ws.l(faddsub_clz.o)
    0x08003afc   0x08003afc   0x0000008c   Code   RO         4437    x$fpl$fnaninf       fz_ws.l(fnaninf.o)
    0x08003b88   0x08003b88   0x0000000a   Code   RO         4439    x$fpl$fretinf       fz_ws.l(fretinf.o)
    0x08003b92   0x08003b92   0x00000002   PAD
    0x08003b94   0x08003b94   0x000000ea   Code   RO         4409    x$fpl$fsub          fz_ws.l(faddsub_clz.o)
    0x08003c7e   0x08003c7e   0x00000004   Code   RO         4413    x$fpl$printf1       fz_ws.l(printf1.o)
    0x08003c82   0x08003c82   0x00000000   Code   RO         4441    x$fpl$usenofp       fz_ws.l(usenofp.o)
    0x08003c82   0x08003c82   0x00000002   PAD
    0x08003c84   0x08003c84   0x00000094   Data   RO         4469    .constdata          c_w.l(bigflt0.o)
    0x08003d18   0x08003d18   0x00000020   Data   RO         4641    Region$$Table       anon$$obj.o
    0x08003d38   0x08003d38   0x0000001c   Data   RO         4497    locale$$data        c_w.l(lc_numeric_c.o)


    Execution Region RW_IRAM1 (Exec base: 0x20000000, Load base: 0x08003d54, Size: 0x00005b30, Max: 0x00010000, ABSOLUTE)

    Exec Addr    Load Addr    Size         Type   Attr      Idx    E Section Name        Object

    0x20000000   0x08003d54   0x00000014   Data   RW         1702    .data               stm32f10x_rcc.o
    0x20000014   0x08003d68   0x00000004   Data   RW         3061    .data               delay.o
    0x20000018   0x08003d6c   0x00000002   Data   RW         3171    .data               usart.o
    0x2000001a   0x08003d6e   0x00000002   PAD
    0x2000001c   0x08003d70   0x00000004   Data   RW         3172    .data               usart.o
    0x20000020   0x08003d74   0x00000014   Data   RW         3219    .data               main.o
    0x20000034   0x08003d88   0x00000014   Data   RW         3311    .data               system_stm32f10x.o
    0x20000048   0x08003d9c   0x0000003c   Data   RW         3796    .data               tasks.o
    0x20000084   0x08003dd8   0x00000014   Data   RW         4111    .data               timers.o
    0x20000098   0x08003dec   0x00000018   Data   RW         4223    .data               heap_4.o
    0x200000b0   0x08003e04   0x0000000c   Data   RW         4278    .data               port.o
    0x200000bc        -       0x000000c8   Zero   RW         3170    .bss                usart.o
    0x20000184        -       0x00000040   Zero   RW         3551    .bss                queue.o
    0x200001c4        -       0x000002e4   Zero   RW         3795    .bss                tasks.o
    0x200004a8        -       0x00000028   Zero   RW         4110    .bss                timers.o
    0x200004d0        -       0x00005000   Zero   RW         4222    .bss                heap_4.o
    0x200054d0        -       0x00000060   Zero   RW         4507    .bss                c_w.l(libspace.o)
    0x20005530        -       0x00000200   Zero   RW           18    HEAP                startup_stm32f10x_hd.o
    0x20005730        -       0x00000400   Zero   RW           17    STACK               startup_stm32f10x_hd.o


==============================================================================

Image component sizes


      Code (inc. data)   RO Data    RW Data    ZI Data      Debug   Object Name

         0          0          0          0          0       4540   core_cm3.o
        92         12          0          4          0      11323   delay.o
         0          0          0          0          0      11800   event_groups.o
       584        138          0         24      20480       4151   heap_4.o
       136          0          0          0          0       3178   list.o
       380        116          0         20          0       2894   main.o
       144         16          0          0          0     230285   misc.o
       842        312          0         12          0      10301   port.o
      1832        236          0          0         64      15653   queue.o
        64         26        304          0       1536        812   startup_stm32f10x_hd.o
       164          0          0          0          0       3272   stm32f10x_gpio.o
        12          0          0          0          0       2617   stm32f10x_it.o
       172         22          0         20          0       4109   stm32f10x_rcc.o
       310          6          0          0          0       5406   stm32f10x_usart.o
       248         24          0         20          0       1973   system_stm32f10x.o
      2758        670          0         60        740      29251   tasks.o
      1144        260          0         20         40       9822   timers.o
       286         26          0          6        200       4348   usart.o
        80         10          0          0          0        515   user_led.o

    ----------------------------------------------------------------------
      9262       1874        336        188      23060     356250   Object Totals
         0          0         32          0          0          0   (incl. Generated)
        14          0          0          2          0          0   (incl. Padding)

    ----------------------------------------------------------------------

      Code (inc. data)   RO Data    RW Data    ZI Data      Debug   Library Member Name

         8          0          0          0          0         68   __main.o
       284          0          0          0          0        156   __printf_wp.o
         0          0          0          0          0          0   __rtentry.o
        12          0          0          0          0          0   __rtentry2.o
         6          0          0          0          0          0   __rtentry4.o
        52          8          0          0          0          0   __scatter.o
        26          0          0          0          0          0   __scatter_copy.o
        28          0          0          0          0          0   __scatter_zi.o
        44          0          0          0          0        108   _printf_char.o
        48          6          0          0          0         96   _printf_char_common.o
        36          4          0          0          0         80   _printf_char_file.o
         6          0          0          0          0          0   _printf_d.o
       120         16          0          0          0         92   _printf_dec.o
         6          0          0          0          0          0   _printf_f.o
      1054          0          0          0          0        216   _printf_fp_dec.o
       128         16          0          0          0         84   _printf_fp_infnan.o
       178          0          0          0          0         88   _printf_intcommon.o
         0          0          0          0          0          0   _printf_percent.o
         4          0          0          0          0          0   _printf_percent_end.o
         6          0          0          0          0          0   _printf_s.o
        82          0          0          0          0         80   _printf_str.o
        16          0          0          0          0         68   aeabi_memset.o
       228          4        148          0          0         96   bigflt0.o
      1936        128          0          0          0        672   btod.o
        18          0          0          0          0         80   exit.o
         8          0          0          0          0         68   ferror.o
         6          0          0          0          0        152   heapauxi.o
        44         10         28          0          0         76   lc_numeric_c.o
         2          0          0          0          0          0   libinit.o
        18          0          0          0          0          0   libinit2.o
         2          0          0          0          0          0   libshutdown.o
         2          0          0          0          0          0   libshutdown2.o
         8          4          0          0         96         68   libspace.o
       138          0          0          0          0         80   lludiv10.o
        24          4          0          0          0         84   noretval__2printf.o
         8          4          0          0          0         68   rt_locale_intlibspace.o
        68          0          0          0          0         68   rt_memclr.o
        78          0          0          0          0         80   rt_memclr_w.o
       138          0          0          0          0         68   rt_memcpy_v6.o
       100          0          0          0          0         80   rt_memcpy_w.o
         2          0          0          0          0          0   rtexit.o
        10          0          0          0          0          0   rtexit2.o
       128          0          0          0          0         68   strcmpv7m.o
        74          0          0          0          0         80   sys_stackheap_outer.o
         2          0          0          0          0         68   use_no_semi.o
         2          0          0          0          0         68   use_no_semi_2.o
        12          0          0          0          0         68   dretinf.o
        86          4          0          0          0         84   f2d.o
       430          8          0          0          0        168   faddsub_clz.o
       140          4          0          0          0         84   fnaninf.o
        10          0          0          0          0         68   fretinf.o
         4          0          0          0          0         68   printf1.o
         0          0          0          0          0          0   usenofp.o
        40          0          0          0          0         68   fpclassify.o

    ----------------------------------------------------------------------
      5926        220        176          0         96       3768   Library Totals
        16          0          0          0          0          0   (incl. Padding)

    ----------------------------------------------------------------------

      Code (inc. data)   RO Data    RW Data    ZI Data      Debug   Library Name

      5188        204        176          0         96       3160   c_w.l
       682         16          0          0          0        540   fz_ws.l
        40          0          0          0          0         68   m_ws.l

    ----------------------------------------------------------------------
      5926        220        176          0         96       3768   Library Totals

    ----------------------------------------------------------------------

==============================================================================


      Code (inc. data)   RO Data    RW Data    ZI Data      Debug   

     15188       2094        512        188      23156     352890   Grand Totals
     15188       2094        512        188      23156     352890   ELF Image Totals
     15188       2094        512        188          0          0   ROM Totals

==============================================================================

    Total RO  Size (Code + RO Data)                15700 (  15.33kB)
    Total RW  Size (RW Data + ZI Data)             23344 (  22.80kB)
    Total ROM Size (Code + RO Data + RW Data)      15888 (  15.52kB)

==============================================================================

